102!doBarrier:(ZJ)I@EDU.oswego.cs.dl.util.concurrent.CyclicBarrier
108!run:()V@sor.sor_first_row_even
108!run:()V@sor.sor_first_row_odd
10!run:()V@sor.sor_first_row_even
10!run:()V@sor.sor_first_row_odd
110!main:([Ljava/lang/String;)V@sor.Sor
114!main:([Ljava/lang/String;)V@sor.Sor
115!run:()V@sor.sor_first_row_even
115!run:()V@sor.sor_first_row_odd
117!main:([Ljava/lang/String;)V@sor.Sor
119!doBarrier:(ZJ)I@EDU.oswego.cs.dl.util.concurrent.CyclicBarrier
119!run:()V@sor.sor_first_row_even
119!run:()V@sor.sor_first_row_odd
11!<init>:(II)V@sor.sor_first_row_even
11!<init>:(II)V@sor.sor_first_row_odd
11!<init>:(ILjava/lang/Runnable;)V@EDU.oswego.cs.dl.util.concurrent.CyclicBarrier
121!main:([Ljava/lang/String;)V@sor.Sor
122!run:()V@sor.sor_first_row_even
122!run:()V@sor.sor_first_row_odd
126!main:([Ljava/lang/String;)V@sor.Sor
127!main:([Ljava/lang/String;)V@sor.Sor
128!run:()V@sor.sor_first_row_even
128!run:()V@sor.sor_first_row_odd
130!run:()V@sor.sor_first_row_even
130!run:()V@sor.sor_first_row_odd
132!run:()V@sor.sor_first_row_even
132!run:()V@sor.sor_first_row_odd
136!doBarrier:(ZJ)I@EDU.oswego.cs.dl.util.concurrent.CyclicBarrier
138!run:()V@sor.sor_first_row_even
138!run:()V@sor.sor_first_row_odd
13!<clinit>:()V@sor.Sor
140!run:()V@sor.sor_first_row_even
140!run:()V@sor.sor_first_row_odd
141!main:([Ljava/lang/String;)V@sor.Sor
143!run:()V@sor.sor_first_row_even
143!run:()V@sor.sor_first_row_odd
146!main:([Ljava/lang/String;)V@sor.Sor
147!run:()V@sor.sor_first_row_even
147!run:()V@sor.sor_first_row_odd
149!main:([Ljava/lang/String;)V@sor.Sor
149!run:()V@sor.sor_first_row_even
14!doBarrier:(ZJ)I@EDU.oswego.cs.dl.util.concurrent.CyclicBarrier
150!main:([Ljava/lang/String;)V@sor.Sor
151!run:()V@sor.sor_first_row_odd
152!run:()V@sor.sor_first_row_even
154!run:()V@sor.sor_first_row_odd
155!main:([Ljava/lang/String;)V@sor.Sor
156!run:()V@sor.sor_first_row_even
158!main:([Ljava/lang/String;)V@sor.Sor
158!run:()V@sor.sor_first_row_odd
15!<init>:(II)V@sor.sor_first_row_even
15!<init>:(II)V@sor.sor_first_row_odd
160!run:()V@sor.sor_first_row_even
160!run:()V@sor.sor_first_row_odd
162!main:([Ljava/lang/String;)V@sor.Sor
165!run:()V@sor.sor_first_row_even
165!run:()V@sor.sor_first_row_odd
167!main:([Ljava/lang/String;)V@sor.Sor
169!doBarrier:(ZJ)I@EDU.oswego.cs.dl.util.concurrent.CyclicBarrier
16!<init>:(ILjava/lang/Runnable;)V@EDU.oswego.cs.dl.util.concurrent.CyclicBarrier
16!run:()V@sor.sor_first_row_even
16!run:()V@sor.sor_first_row_odd
170!main:([Ljava/lang/String;)V@sor.Sor
171!main:([Ljava/lang/String;)V@sor.Sor
176!main:([Ljava/lang/String;)V@sor.Sor
178!run:()V@sor.sor_first_row_even
178!run:()V@sor.sor_first_row_odd
179!doBarrier:(ZJ)I@EDU.oswego.cs.dl.util.concurrent.CyclicBarrier
179!main:([Ljava/lang/String;)V@sor.Sor
18!<init>:(II)V@sor.sor_first_row_even
18!<init>:(II)V@sor.sor_first_row_odd
191!run:()V@sor.sor_first_row_even
191!run:()V@sor.sor_first_row_odd
195!main:([Ljava/lang/String;)V@sor.Sor
196!doBarrier:(ZJ)I@EDU.oswego.cs.dl.util.concurrent.CyclicBarrier
197!run:()V@sor.sor_first_row_even
197!run:()V@sor.sor_first_row_odd
202!main:([Ljava/lang/String;)V@sor.Sor
205!main:([Ljava/lang/String;)V@sor.Sor
207!run:()V@sor.sor_first_row_even
207!run:()V@sor.sor_first_row_odd
20!main:([Ljava/lang/String;)V@sor.Sor
212!main:([Ljava/lang/String;)V@sor.Sor
214!run:()V@sor.sor_first_row_even
214!run:()V@sor.sor_first_row_odd
215!doBarrier:(ZJ)I@EDU.oswego.cs.dl.util.concurrent.CyclicBarrier
217!main:([Ljava/lang/String;)V@sor.Sor
218!main:([Ljava/lang/String;)V@sor.Sor
218!run:()V@sor.sor_first_row_even
218!run:()V@sor.sor_first_row_odd
221!run:()V@sor.sor_first_row_even
221!run:()V@sor.sor_first_row_odd
227!run:()V@sor.sor_first_row_even
227!run:()V@sor.sor_first_row_odd
229!run:()V@sor.sor_first_row_even
229!run:()V@sor.sor_first_row_odd
22!<init>:(II)V@sor.sor_first_row_even
22!<init>:(II)V@sor.sor_first_row_odd
231!run:()V@sor.sor_first_row_even
231!run:()V@sor.sor_first_row_odd
237!run:()V@sor.sor_first_row_even
237!run:()V@sor.sor_first_row_odd
239!run:()V@sor.sor_first_row_even
239!run:()V@sor.sor_first_row_odd
242!run:()V@sor.sor_first_row_even
242!run:()V@sor.sor_first_row_odd
246!run:()V@sor.sor_first_row_even
246!run:()V@sor.sor_first_row_odd
247!doBarrier:(ZJ)I@EDU.oswego.cs.dl.util.concurrent.CyclicBarrier
248!run:()V@sor.sor_first_row_even
24!<clinit>:()V@sor.Sor
24!main:([Ljava/lang/String;)V@sor.Sor
250!run:()V@sor.sor_first_row_odd
251!run:()V@sor.sor_first_row_even
253!run:()V@sor.sor_first_row_odd
255!main:([Ljava/lang/String;)V@sor.Sor
255!run:()V@sor.sor_first_row_even
257!run:()V@sor.sor_first_row_odd
259!run:()V@sor.sor_first_row_even
259!run:()V@sor.sor_first_row_odd
25!<init>:(II)V@sor.sor_first_row_even
25!<init>:(II)V@sor.sor_first_row_odd
264!run:()V@sor.sor_first_row_even
264!run:()V@sor.sor_first_row_odd
265!main:([Ljava/lang/String;)V@sor.Sor
26!run:()V@sor.sor_first_row_even
26!run:()V@sor.sor_first_row_odd
276!run:()V@sor.sor_first_row_even
276!run:()V@sor.sor_first_row_odd
278!main:([Ljava/lang/String;)V@sor.Sor
289!main:([Ljava/lang/String;)V@sor.Sor
289!run:()V@sor.sor_first_row_even
289!run:()V@sor.sor_first_row_odd
28!<clinit>:()V@sor.Sor
296!run:()V@sor.sor_first_row_even
296!run:()V@sor.sor_first_row_odd
29!main:([Ljava/lang/String;)V@sor.Sor
2!<clinit>:()V@sor.Sor
2!doBarrier:(ZJ)I@EDU.oswego.cs.dl.util.concurrent.CyclicBarrier
300!run:()V@sor.sor_first_row_even
300!run:()V@sor.sor_first_row_odd
303!main:([Ljava/lang/String;)V@sor.Sor
303!run:()V@sor.sor_first_row_even
303!run:()V@sor.sor_first_row_odd
307!main:([Ljava/lang/String;)V@sor.Sor
309!run:()V@sor.sor_first_row_even
309!run:()V@sor.sor_first_row_odd
30!<init>:(II)V@sor.sor_first_row_even
30!<init>:(II)V@sor.sor_first_row_odd
311!run:()V@sor.sor_first_row_even
311!run:()V@sor.sor_first_row_odd
313!run:()V@sor.sor_first_row_even
313!run:()V@sor.sor_first_row_odd
319!run:()V@sor.sor_first_row_even
319!run:()V@sor.sor_first_row_odd
321!main:([Ljava/lang/String;)V@sor.Sor
321!run:()V@sor.sor_first_row_even
321!run:()V@sor.sor_first_row_odd
322!main:([Ljava/lang/String;)V@sor.Sor
324!run:()V@sor.sor_first_row_even
324!run:()V@sor.sor_first_row_odd
327!main:([Ljava/lang/String;)V@sor.Sor
328!run:()V@sor.sor_first_row_even
328!run:()V@sor.sor_first_row_odd
330!run:()V@sor.sor_first_row_odd
332!run:()V@sor.sor_first_row_even
333!run:()V@sor.sor_first_row_odd
335!run:()V@sor.sor_first_row_even
337!run:()V@sor.sor_first_row_odd
339!run:()V@sor.sor_first_row_even
33!<init>:(ILjava/lang/Runnable;)V@EDU.oswego.cs.dl.util.concurrent.CyclicBarrier
33!main:([Ljava/lang/String;)V@sor.Sor
33!run:()V@sor.sor_first_row_even
33!run:()V@sor.sor_first_row_odd
341!run:()V@sor.sor_first_row_even
341!run:()V@sor.sor_first_row_odd
342!main:([Ljava/lang/String;)V@sor.Sor
346!run:()V@sor.sor_first_row_even
346!run:()V@sor.sor_first_row_odd
348!main:([Ljava/lang/String;)V@sor.Sor
353!main:([Ljava/lang/String;)V@sor.Sor
359!run:()V@sor.sor_first_row_even
359!run:()V@sor.sor_first_row_odd
35!<init>:(II)V@sor.sor_first_row_even
35!<init>:(II)V@sor.sor_first_row_odd
37!run:()V@sor.sor_first_row_even
37!run:()V@sor.sor_first_row_odd
380!main:([Ljava/lang/String;)V@sor.Sor
38!doBarrier:(ZJ)I@EDU.oswego.cs.dl.util.concurrent.CyclicBarrier
38!<init>:(ILjava/lang/Runnable;)V@EDU.oswego.cs.dl.util.concurrent.CyclicBarrier
395!main:([Ljava/lang/String;)V@sor.Sor
3!run:()V@sor.sor_first_row_even
3!run:()V@sor.sor_first_row_odd
40!<init>:(II)V@sor.sor_first_row_even
40!main:([Ljava/lang/String;)V@sor.Sor
40!run:()V@sor.sor_first_row_even
40!run:()V@sor.sor_first_row_odd
43!<init>:(II)V@sor.sor_first_row_even
43!<init>:(ILjava/lang/Runnable;)V@EDU.oswego.cs.dl.util.concurrent.CyclicBarrier
451!main:([Ljava/lang/String;)V@sor.Sor
456!main:([Ljava/lang/String;)V@sor.Sor
459!main:([Ljava/lang/String;)V@sor.Sor
465!main:([Ljava/lang/String;)V@sor.Sor
46!run:()V@sor.sor_first_row_even
46!run:()V@sor.sor_first_row_odd
470!main:([Ljava/lang/String;)V@sor.Sor
473!main:([Ljava/lang/String;)V@sor.Sor
489!main:([Ljava/lang/String;)V@sor.Sor
48!<init>:(II)V@sor.sor_first_row_even
48!main:([Ljava/lang/String;)V@sor.Sor
48!run:()V@sor.sor_first_row_even
48!run:()V@sor.sor_first_row_odd
4!main:([Ljava/lang/String;)V@sor.Sor
50!run:()V@sor.sor_first_row_even
50!run:()V@sor.sor_first_row_odd
51!<init>:(II)V@sor.sor_first_row_even
56!run:()V@sor.sor_first_row_even
56!run:()V@sor.sor_first_row_odd
58!run:()V@sor.sor_first_row_even
58!run:()V@sor.sor_first_row_odd
60!doBarrier:(ZJ)I@EDU.oswego.cs.dl.util.concurrent.CyclicBarrier
60!main:([Ljava/lang/String;)V@sor.Sor
61!run:()V@sor.sor_first_row_even
61!run:()V@sor.sor_first_row_odd
63!doBarrier:(ZJ)I@EDU.oswego.cs.dl.util.concurrent.CyclicBarrier
65!run:()V@sor.sor_first_row_even
65!run:()V@sor.sor_first_row_odd
66!main:([Ljava/lang/String;)V@sor.Sor
67!run:()V@sor.sor_first_row_odd
68!doBarrier:(ZJ)I@EDU.oswego.cs.dl.util.concurrent.CyclicBarrier
69!run:()V@sor.sor_first_row_even
6!<init>:(II)V@sor.sor_first_row_even
6!<init>:(II)V@sor.sor_first_row_odd
6!<init>:(ILjava/lang/Runnable;)V@EDU.oswego.cs.dl.util.concurrent.CyclicBarrier
6!<init>:(I)V@EDU.oswego.cs.dl.util.concurrent.BrokenBarrierException
6!<init>:(J)V@EDU.oswego.cs.dl.util.concurrent.TimeoutException
70!run:()V@sor.sor_first_row_odd
72!run:()V@sor.sor_first_row_even
73!doBarrier:(ZJ)I@EDU.oswego.cs.dl.util.concurrent.CyclicBarrier
73!main:([Ljava/lang/String;)V@sor.Sor
74!run:()V@sor.sor_first_row_odd
76!run:()V@sor.sor_first_row_even
78!run:()V@sor.sor_first_row_even
78!run:()V@sor.sor_first_row_odd
79!main:([Ljava/lang/String;)V@sor.Sor
81!doBarrier:(ZJ)I@EDU.oswego.cs.dl.util.concurrent.CyclicBarrier
83!run:()V@sor.sor_first_row_even
83!run:()V@sor.sor_first_row_odd
88!doBarrier:(ZJ)I@EDU.oswego.cs.dl.util.concurrent.CyclicBarrier
8!doBarrier:(ZJ)I@EDU.oswego.cs.dl.util.concurrent.CyclicBarrier
95!run:()V@sor.sor_first_row_even
95!run:()V@sor.sor_first_row_odd
