R0!barrier:()I@EDU.oswego.cs.dl.util.concurrent.CyclicBarrier
R0!doBarrier:(ZJ)I@EDU.oswego.cs.dl.util.concurrent.CyclicBarrier
R0!<init>:(II)V@sor.sor_first_row_even
R0!<init>:(II)V@sor.sor_first_row_odd
R0!<init>:(ILjava/lang/Runnable;)V@EDU.oswego.cs.dl.util.concurrent.CyclicBarrier
R0!<init>:(I)V@EDU.oswego.cs.dl.util.concurrent.BrokenBarrierException
R0!<init>:(I)V@EDU.oswego.cs.dl.util.concurrent.CyclicBarrier
R0!<init>:(J)V@EDU.oswego.cs.dl.util.concurrent.TimeoutException
R0!main:([Ljava/lang/String;)V@sor.Sor
R0!run:()V@sor.sor_first_row_even
R0!run:()V@sor.sor_first_row_odd
R138!run:()V@sor.sor_first_row_even
R138!run:()V@sor.sor_first_row_odd
R13!doBarrier:(ZJ)I@EDU.oswego.cs.dl.util.concurrent.CyclicBarrier
R13!run:()V@sor.sor_first_row_even
R13!run:()V@sor.sor_first_row_odd
R15!doBarrier:(ZJ)I@EDU.oswego.cs.dl.util.concurrent.CyclicBarrier
R24!main:([Ljava/lang/String;)V@sor.Sor
R2!<init>:(ILjava/lang/Runnable;)V@EDU.oswego.cs.dl.util.concurrent.CyclicBarrier
R5!main:([Ljava/lang/String;)V@sor.Sor
R77!run:()V@sor.sor_first_row_even
R77!run:()V@sor.sor_first_row_odd
T0!<clinit>:()V@sor.Sor
T100!run:()V@sor.sor_first_row_even
T101!run:()V@sor.sor_first_row_even
T101!run:()V@sor.sor_first_row_odd
T102!run:()V@sor.sor_first_row_odd
T106!main:([Ljava/lang/String;)V@sor.Sor
T107!main:([Ljava/lang/String;)V@sor.Sor
T108!main:([Ljava/lang/String;)V@sor.Sor
T109!main:([Ljava/lang/String;)V@sor.Sor
T10!<init>:(II)V@sor.sor_first_row_even
T10!run:()V@sor.sor_first_row_even
T10!run:()V@sor.sor_first_row_odd
T110!main:([Ljava/lang/String;)V@sor.Sor
T111!main:([Ljava/lang/String;)V@sor.Sor
T112!main:([Ljava/lang/String;)V@sor.Sor
T112!run:()V@sor.sor_first_row_even
T112!run:()V@sor.sor_first_row_odd
T113!main:([Ljava/lang/String;)V@sor.Sor
T113!run:()V@sor.sor_first_row_even
T113!run:()V@sor.sor_first_row_odd
T114!run:()V@sor.sor_first_row_even
T114!run:()V@sor.sor_first_row_odd
T116!run:()V@sor.sor_first_row_even
T116!run:()V@sor.sor_first_row_odd
T118!main:([Ljava/lang/String;)V@sor.Sor
T118!run:()V@sor.sor_first_row_even
T118!run:()V@sor.sor_first_row_odd
T119!main:([Ljava/lang/String;)V@sor.Sor
T11!<clinit>:()V@sor.Sor
T120!main:([Ljava/lang/String;)V@sor.Sor
T120!run:()V@sor.sor_first_row_even
T120!run:()V@sor.sor_first_row_odd
T122!main:([Ljava/lang/String;)V@sor.Sor
T123!main:([Ljava/lang/String;)V@sor.Sor
T123!run:()V@sor.sor_first_row_even
T123!run:()V@sor.sor_first_row_odd
T124!run:()V@sor.sor_first_row_even
T124!run:()V@sor.sor_first_row_odd
T125!main:([Ljava/lang/String;)V@sor.Sor
T126!main:([Ljava/lang/String;)V@sor.Sor
T127!main:([Ljava/lang/String;)V@sor.Sor
T127!run:()V@sor.sor_first_row_odd
T128!main:([Ljava/lang/String;)V@sor.Sor
T128!run:()V@sor.sor_first_row_even
T128!run:()V@sor.sor_first_row_odd
T129!main:([Ljava/lang/String;)V@sor.Sor
T129!run:()V@sor.sor_first_row_even
T12!doBarrier:(ZJ)I@EDU.oswego.cs.dl.util.concurrent.CyclicBarrier
T131!main:([Ljava/lang/String;)V@sor.Sor
T132!main:([Ljava/lang/String;)V@sor.Sor
T133!main:([Ljava/lang/String;)V@sor.Sor
T134!main:([Ljava/lang/String;)V@sor.Sor
T135!main:([Ljava/lang/String;)V@sor.Sor
T135!run:()V@sor.sor_first_row_even
T135!run:()V@sor.sor_first_row_odd
T136!main:([Ljava/lang/String;)V@sor.Sor
T137!run:()V@sor.sor_first_row_even
T137!run:()V@sor.sor_first_row_odd
T147!main:([Ljava/lang/String;)V@sor.Sor
T148!main:([Ljava/lang/String;)V@sor.Sor
T14!<clinit>:()V@sor.Sor
T152!main:([Ljava/lang/String;)V@sor.Sor
T153!main:([Ljava/lang/String;)V@sor.Sor
T159!main:([Ljava/lang/String;)V@sor.Sor
T15!main:([Ljava/lang/String;)V@sor.Sor
T160!main:([Ljava/lang/String;)V@sor.Sor
T161!main:([Ljava/lang/String;)V@sor.Sor
T162!main:([Ljava/lang/String;)V@sor.Sor
T163!main:([Ljava/lang/String;)V@sor.Sor
T164!main:([Ljava/lang/String;)V@sor.Sor
T165!main:([Ljava/lang/String;)V@sor.Sor
T166!main:([Ljava/lang/String;)V@sor.Sor
T167!main:([Ljava/lang/String;)V@sor.Sor
T168!main:([Ljava/lang/String;)V@sor.Sor
T16!doBarrier:(ZJ)I@EDU.oswego.cs.dl.util.concurrent.CyclicBarrier
T19!doBarrier:(ZJ)I@EDU.oswego.cs.dl.util.concurrent.CyclicBarrier
T22!doBarrier:(ZJ)I@EDU.oswego.cs.dl.util.concurrent.CyclicBarrier
T23!doBarrier:(ZJ)I@EDU.oswego.cs.dl.util.concurrent.CyclicBarrier
T24!run:()V@sor.sor_first_row_even
T24!run:()V@sor.sor_first_row_odd
T25!doBarrier:(ZJ)I@EDU.oswego.cs.dl.util.concurrent.CyclicBarrier
T25!main:([Ljava/lang/String;)V@sor.Sor
T25!run:()V@sor.sor_first_row_even
T25!run:()V@sor.sor_first_row_odd
T26!doBarrier:(ZJ)I@EDU.oswego.cs.dl.util.concurrent.CyclicBarrier
T26!run:()V@sor.sor_first_row_even
T26!run:()V@sor.sor_first_row_odd
T27!doBarrier:(ZJ)I@EDU.oswego.cs.dl.util.concurrent.CyclicBarrier
T28!run:()V@sor.sor_first_row_even
T28!run:()V@sor.sor_first_row_odd
T29!doBarrier:(ZJ)I@EDU.oswego.cs.dl.util.concurrent.CyclicBarrier
T2!<clinit>:()V@sor.Sor
T2!<init>:(I)V@EDU.oswego.cs.dl.util.concurrent.CyclicBarrier
T2!main:([Ljava/lang/String;)V@sor.Sor
T30!run:()V@sor.sor_first_row_even
T30!run:()V@sor.sor_first_row_odd
T31!main:([Ljava/lang/String;)V@sor.Sor
T32!doBarrier:(ZJ)I@EDU.oswego.cs.dl.util.concurrent.CyclicBarrier
T32!main:([Ljava/lang/String;)V@sor.Sor
T32!run:()V@sor.sor_first_row_even
T32!run:()V@sor.sor_first_row_odd
T33!doBarrier:(ZJ)I@EDU.oswego.cs.dl.util.concurrent.CyclicBarrier
T35!doBarrier:(ZJ)I@EDU.oswego.cs.dl.util.concurrent.CyclicBarrier
T35!main:([Ljava/lang/String;)V@sor.Sor
T35!run:()V@sor.sor_first_row_even
T35!run:()V@sor.sor_first_row_odd
T36!run:()V@sor.sor_first_row_even
T36!run:()V@sor.sor_first_row_odd
T37!doBarrier:(ZJ)I@EDU.oswego.cs.dl.util.concurrent.CyclicBarrier
T37!main:([Ljava/lang/String;)V@sor.Sor
T38!doBarrier:(ZJ)I@EDU.oswego.cs.dl.util.concurrent.CyclicBarrier
T39!run:()V@sor.sor_first_row_odd
T3!doBarrier:(ZJ)I@EDU.oswego.cs.dl.util.concurrent.CyclicBarrier
T3!<init>:(II)V@sor.sor_first_row_even
T3!<init>:(II)V@sor.sor_first_row_odd
T3!<init>:(ILjava/lang/Runnable;)V@EDU.oswego.cs.dl.util.concurrent.CyclicBarrier
T40!main:([Ljava/lang/String;)V@sor.Sor
T40!run:()V@sor.sor_first_row_even
T40!run:()V@sor.sor_first_row_odd
T41!main:([Ljava/lang/String;)V@sor.Sor
T41!run:()V@sor.sor_first_row_even
T42!main:([Ljava/lang/String;)V@sor.Sor
T43!main:([Ljava/lang/String;)V@sor.Sor
T44!main:([Ljava/lang/String;)V@sor.Sor
T45!doBarrier:(ZJ)I@EDU.oswego.cs.dl.util.concurrent.CyclicBarrier
T47!doBarrier:(ZJ)I@EDU.oswego.cs.dl.util.concurrent.CyclicBarrier
T48!main:([Ljava/lang/String;)V@sor.Sor
T49!doBarrier:(ZJ)I@EDU.oswego.cs.dl.util.concurrent.CyclicBarrier
T49!main:([Ljava/lang/String;)V@sor.Sor
T4!<init>:(II)V@sor.sor_first_row_even
T4!<init>:(II)V@sor.sor_first_row_odd
T4!<init>:(ILjava/lang/Runnable;)V@EDU.oswego.cs.dl.util.concurrent.CyclicBarrier
T4!main:([Ljava/lang/String;)V@sor.Sor
T50!doBarrier:(ZJ)I@EDU.oswego.cs.dl.util.concurrent.CyclicBarrier
T50!main:([Ljava/lang/String;)V@sor.Sor
T51!run:()V@sor.sor_first_row_even
T51!run:()V@sor.sor_first_row_odd
T52!run:()V@sor.sor_first_row_even
T52!run:()V@sor.sor_first_row_odd
T53!run:()V@sor.sor_first_row_even
T53!run:()V@sor.sor_first_row_odd
T55!run:()V@sor.sor_first_row_even
T55!run:()V@sor.sor_first_row_odd
T57!doBarrier:(ZJ)I@EDU.oswego.cs.dl.util.concurrent.CyclicBarrier
T57!run:()V@sor.sor_first_row_even
T57!run:()V@sor.sor_first_row_odd
T58!doBarrier:(ZJ)I@EDU.oswego.cs.dl.util.concurrent.CyclicBarrier
T58!main:([Ljava/lang/String;)V@sor.Sor
T59!main:([Ljava/lang/String;)V@sor.Sor
T59!run:()V@sor.sor_first_row_even
T59!run:()V@sor.sor_first_row_odd
T5!<init>:(II)V@sor.sor_first_row_odd
T60!main:([Ljava/lang/String;)V@sor.Sor
T61!main:([Ljava/lang/String;)V@sor.Sor
T62!run:()V@sor.sor_first_row_even
T62!run:()V@sor.sor_first_row_odd
T63!run:()V@sor.sor_first_row_even
T63!run:()V@sor.sor_first_row_odd
T64!main:([Ljava/lang/String;)V@sor.Sor
T66!run:()V@sor.sor_first_row_even
T67!run:()V@sor.sor_first_row_even
T67!run:()V@sor.sor_first_row_odd
T68!main:([Ljava/lang/String;)V@sor.Sor
T68!run:()V@sor.sor_first_row_odd
T69!main:([Ljava/lang/String;)V@sor.Sor
T6!<clinit>:()V@sor.Sor
T6!<init>:(II)V@sor.sor_first_row_even
T6!run:()V@sor.sor_first_row_even
T6!run:()V@sor.sor_first_row_odd
T70!main:([Ljava/lang/String;)V@sor.Sor
T71!main:([Ljava/lang/String;)V@sor.Sor
T72!main:([Ljava/lang/String;)V@sor.Sor
T73!main:([Ljava/lang/String;)V@sor.Sor
T74!main:([Ljava/lang/String;)V@sor.Sor
T74!run:()V@sor.sor_first_row_even
T74!run:()V@sor.sor_first_row_odd
T75!main:([Ljava/lang/String;)V@sor.Sor
T76!run:()V@sor.sor_first_row_even
T76!run:()V@sor.sor_first_row_odd
T78!main:([Ljava/lang/String;)V@sor.Sor
T7!<init>:(II)V@sor.sor_first_row_even
T7!run:()V@sor.sor_first_row_even
T7!run:()V@sor.sor_first_row_odd
T80!main:([Ljava/lang/String;)V@sor.Sor
T81!main:([Ljava/lang/String;)V@sor.Sor
T82!main:([Ljava/lang/String;)V@sor.Sor
T85!main:([Ljava/lang/String;)V@sor.Sor
T85!run:()V@sor.sor_first_row_even
T85!run:()V@sor.sor_first_row_odd
T86!run:()V@sor.sor_first_row_even
T86!run:()V@sor.sor_first_row_odd
T87!run:()V@sor.sor_first_row_even
T87!run:()V@sor.sor_first_row_odd
T89!main:([Ljava/lang/String;)V@sor.Sor
T89!run:()V@sor.sor_first_row_even
T89!run:()V@sor.sor_first_row_odd
T8!<init>:(II)V@sor.sor_first_row_even
T90!main:([Ljava/lang/String;)V@sor.Sor
T91!run:()V@sor.sor_first_row_even
T91!run:()V@sor.sor_first_row_odd
T93!run:()V@sor.sor_first_row_even
T93!run:()V@sor.sor_first_row_odd
T96!run:()V@sor.sor_first_row_even
T96!run:()V@sor.sor_first_row_odd
T97!run:()V@sor.sor_first_row_even
T97!run:()V@sor.sor_first_row_odd
T9!<clinit>:()V@sor.Sor
