NULL_TYPE
<retaddr> (target=null)
boolean
boolean[]
byte
byte[]
byte[][]
char
char[]
char[][]
char[][][]
com.sun.security.auth.PrincipalComparator
double
double[]
elevator.ButtonPress
elevator.Controls
elevator.Elevator
elevator.Floor
elevator.Floor[]
elevator.Lift
elevator.Lift[]
float
float[]
int
int[]
int[][]
java.awt.AWTPermission
java.io.BufferedInputStream
java.io.BufferedOutputStream
java.io.BufferedReader
java.io.BufferedWriter
java.io.ByteArrayInputStream
java.io.ByteArrayOutputStream
java.io.CharConversionException
java.io.Closeable
java.io.DataInputStream
java.io.DataOutputStream
java.io.Externalizable
java.io.File
java.io.FileDescriptor
java.io.FileFilter
java.io.FileInputStream
java.io.FileNotFoundException
java.io.FileOutputStream
java.io.FilePermission
java.io.FilePermission$1
java.io.FilePermissionCollection
java.io.FileSystem
java.io.File[]
java.io.FilenameFilter
java.io.FilterInputStream
java.io.FilterOutputStream
java.io.Flushable
java.io.IOException
java.io.InputStream
java.io.InputStreamReader
java.io.InterruptedIOException
java.io.InvalidClassException
java.io.InvalidObjectException
java.io.NotSerializableException
java.io.ObjectInputStream
java.io.ObjectInputStream$GetField
java.io.ObjectOutputStream
java.io.ObjectOutputStream$PutField
java.io.ObjectStreamClass
java.io.ObjectStreamClass$1
java.io.ObjectStreamClass$2
java.io.ObjectStreamClass$3
java.io.ObjectStreamClass$4
java.io.ObjectStreamClass$5
java.io.ObjectStreamClass$ClassDataSlot
java.io.ObjectStreamClass$ClassDataSlot[]
java.io.ObjectStreamClass$EntryFuture
java.io.ObjectStreamClass$FieldReflector
java.io.ObjectStreamClass$FieldReflectorKey
java.io.ObjectStreamClass$MemberSignature
java.io.ObjectStreamException
java.io.ObjectStreamField
java.io.ObjectStreamField[]
java.io.OutputStream
java.io.OutputStreamWriter
java.io.PrintStream
java.io.PrintWriter
java.io.Reader
java.io.Serializable
java.io.Serializable[]
java.io.Serializable[][]
java.io.StreamCorruptedException
java.io.StreamTokenizer
java.io.SyncFailedException
java.io.UnsupportedEncodingException
java.io.Writer
java.lang.AbstractStringBuilder
java.lang.AbstractStringBuilder[]
java.lang.Appendable
java.lang.Appendable[]
java.lang.ArithmeticException
java.lang.ArrayIndexOutOfBoundsException
java.lang.ArrayStoreException
java.lang.AssertionError
java.lang.AssertionStatusDirectives
java.lang.Boolean
java.lang.Byte
java.lang.Byte$ByteCache
java.lang.CharSequence
java.lang.CharSequence[]
java.lang.CharSequence[][]
java.lang.Character
java.lang.Character$CharacterCache
java.lang.Character$Subset
java.lang.Character$Subset[]
java.lang.Character$UnicodeBlock
java.lang.Character$UnicodeBlock[]
java.lang.CharacterData00
java.lang.CharacterData01
java.lang.CharacterData02
java.lang.CharacterData0E
java.lang.CharacterDataLatin1
java.lang.CharacterDataPrivateUse
java.lang.CharacterDataUndefined
java.lang.Class
java.lang.Class$1
java.lang.Class$2
java.lang.Class$3
java.lang.Class$4
java.lang.Class$EnclosingMethodInfo
java.lang.Class$MethodArray
java.lang.ClassCastException
java.lang.ClassFormatError
java.lang.ClassLoader
java.lang.ClassLoader$1
java.lang.ClassLoader$2
java.lang.ClassLoader$3
java.lang.ClassLoader$NativeLibrary
java.lang.ClassNotFoundException
java.lang.Class[]
java.lang.CloneNotSupportedException
java.lang.Cloneable
java.lang.Cloneable[]
java.lang.Cloneable[][]
java.lang.Comparable
java.lang.Comparable[]
java.lang.Comparable[][]
java.lang.ConditionalSpecialCasing
java.lang.ConditionalSpecialCasing$Entry
java.lang.ConditionalSpecialCasing$Entry[]
java.lang.Double
java.lang.Enum
java.lang.Error
java.lang.Exception
java.lang.Float
java.lang.IllegalAccessException
java.lang.IllegalArgumentException
java.lang.IllegalMonitorStateException
java.lang.IllegalStateException
java.lang.IllegalThreadStateException
java.lang.IndexOutOfBoundsException
java.lang.InheritableThreadLocal
java.lang.InstantiationException
java.lang.Integer
java.lang.Integer$IntegerCache
java.lang.InternalError
java.lang.InterruptedException
java.lang.Iterable
java.lang.Iterable[]
java.lang.LinkageError
java.lang.Long
java.lang.Long$LongCache
java.lang.Math
java.lang.NegativeArraySizeException
java.lang.NoClassDefFoundError
java.lang.NoSuchFieldException
java.lang.NoSuchMethodError
java.lang.NoSuchMethodException
java.lang.NullPointerException
java.lang.Number
java.lang.NumberFormatException
java.lang.Number[]
java.lang.Object
java.lang.Object[]
java.lang.Object[][]
java.lang.OutOfMemoryError
java.lang.Package
java.lang.Package[]
java.lang.Process
java.lang.ProcessBuilder
java.lang.ProcessEnvironment
java.lang.Readable
java.lang.Runnable
java.lang.Runnable[]
java.lang.Runtime
java.lang.RuntimeException
java.lang.RuntimePermission
java.lang.SecurityException
java.lang.SecurityManager
java.lang.SecurityManager$1
java.lang.SecurityManager$2
java.lang.Short
java.lang.Short$ShortCache
java.lang.Shutdown
java.lang.Shutdown$1
java.lang.Shutdown$Lock
java.lang.Shutdown$WrappedHook
java.lang.StackTraceElement
java.lang.StackTraceElement[]
java.lang.StackTraceElement[][]
java.lang.StrictMath
java.lang.String
java.lang.String$1
java.lang.String$CaseInsensitiveComparator
java.lang.StringBuffer
java.lang.StringBuffer[]
java.lang.StringBuilder
java.lang.StringCoding
java.lang.StringCoding$1
java.lang.StringCoding$CharsetSD
java.lang.StringCoding$CharsetSE
java.lang.StringCoding$ConverterSD
java.lang.StringCoding$ConverterSE
java.lang.StringCoding$StringDecoder
java.lang.StringCoding$StringEncoder
java.lang.StringIndexOutOfBoundsException
java.lang.String[]
java.lang.String[][]
java.lang.System
java.lang.System$1
java.lang.System$2
java.lang.SystemClassLoaderAction
java.lang.Terminator
java.lang.Thread
java.lang.Thread$1
java.lang.Thread$State
java.lang.Thread$UncaughtExceptionHandler
java.lang.ThreadDeath
java.lang.ThreadGroup
java.lang.ThreadGroup[]
java.lang.ThreadLocal
java.lang.ThreadLocal$1
java.lang.ThreadLocal$ThreadLocalMap
java.lang.ThreadLocal$ThreadLocalMap$Entry
java.lang.ThreadLocal$ThreadLocalMap$Entry[]
java.lang.Thread[]
java.lang.Throwable
java.lang.UnsatisfiedLinkError
java.lang.UnsupportedOperationException
java.lang.VerifyError
java.lang.VirtualMachineError
java.lang.Void
java.lang.annotation.Annotation
java.lang.annotation.AnnotationFormatError
java.lang.annotation.Annotation[]
java.lang.annotation.Annotation[][]
java.lang.ref.FinalReference
java.lang.ref.Finalizer
java.lang.ref.PhantomReference
java.lang.ref.Reference
java.lang.ref.Reference$1
java.lang.ref.Reference$Lock
java.lang.ref.Reference$ReferenceHandler
java.lang.ref.ReferenceQueue
java.lang.ref.ReferenceQueue$1
java.lang.ref.ReferenceQueue$Lock
java.lang.ref.ReferenceQueue$Null
java.lang.ref.Reference[]
java.lang.ref.Reference[][]
java.lang.ref.SoftReference
java.lang.ref.SoftReference[]
java.lang.ref.SoftReference[][]
java.lang.ref.WeakReference
java.lang.ref.WeakReference[]
java.lang.reflect.AccessibleObject
java.lang.reflect.AccessibleObject[]
java.lang.reflect.AnnotatedElement
java.lang.reflect.AnnotatedElement[]
java.lang.reflect.Array
java.lang.reflect.Constructor
java.lang.reflect.Constructor[]
java.lang.reflect.Field
java.lang.reflect.Field[]
java.lang.reflect.GenericArrayType
java.lang.reflect.GenericDeclaration
java.lang.reflect.GenericDeclaration[]
java.lang.reflect.InvocationTargetException
java.lang.reflect.Member
java.lang.reflect.Member[]
java.lang.reflect.Method
java.lang.reflect.Method[]
java.lang.reflect.Modifier
java.lang.reflect.Proxy
java.lang.reflect.ReflectAccess
java.lang.reflect.ReflectPermission
java.lang.reflect.Type
java.lang.reflect.TypeVariable
java.lang.reflect.TypeVariable[]
java.lang.reflect.Type[]
java.math.BigDecimal
java.math.BigDecimal[]
java.math.BigInteger
java.math.BigInteger[]
java.math.BitSieve
java.math.MathContext
java.math.MutableBigInteger
java.math.RoundingMode
java.math.SignedMutableBigInteger
java.net.Inet4Address
java.net.Inet6Address
java.net.InetAddress
java.net.InetAddress$1
java.net.InetAddress$2
java.net.InetAddress$Cache
java.net.InetAddress$CacheEntry
java.net.InetAddressImpl
java.net.InetAddressImplFactory
java.net.InetAddress[]
java.net.InetSocketAddress
java.net.MalformedURLException
java.net.NetPermission
java.net.NetworkInterface
java.net.NetworkInterface$1
java.net.NetworkInterface$1checkedAddresses
java.net.NetworkInterface[]
java.net.Parts
java.net.Proxy
java.net.SocketException
java.net.SocketPermission
java.net.SocketPermissionCollection
java.net.URI
java.net.URISyntaxException
java.net.URL
java.net.URLClassLoader
java.net.URLConnection
java.net.URLStreamHandler
java.net.URLStreamHandlerFactory
java.net.UnknownHostException
java.nio.Bits
java.nio.Buffer
java.nio.BufferOverflowException
java.nio.BufferUnderflowException
java.nio.ByteBuffer
java.nio.ByteBufferAsCharBufferB
java.nio.ByteBufferAsCharBufferL
java.nio.ByteBufferAsDoubleBufferB
java.nio.ByteBufferAsDoubleBufferL
java.nio.ByteBufferAsFloatBufferB
java.nio.ByteBufferAsFloatBufferL
java.nio.ByteBufferAsIntBufferB
java.nio.ByteBufferAsIntBufferL
java.nio.ByteBufferAsLongBufferB
java.nio.ByteBufferAsLongBufferL
java.nio.ByteBufferAsShortBufferB
java.nio.ByteBufferAsShortBufferL
java.nio.ByteBuffer[]
java.nio.ByteOrder
java.nio.CharBuffer
java.nio.DirectByteBuffer
java.nio.DoubleBuffer
java.nio.FloatBuffer
java.nio.HeapByteBuffer
java.nio.HeapByteBufferR
java.nio.HeapCharBuffer
java.nio.HeapCharBufferR
java.nio.IntBuffer
java.nio.InvalidMarkException
java.nio.LongBuffer
java.nio.MappedByteBuffer
java.nio.ReadOnlyBufferException
java.nio.ShortBuffer
java.nio.StringCharBuffer
java.nio.channels.AsynchronousCloseException
java.nio.channels.ByteChannel
java.nio.channels.Channel
java.nio.channels.Channels
java.nio.channels.ClosedByInterruptException
java.nio.channels.ClosedChannelException
java.nio.channels.FileChannel
java.nio.channels.FileChannel$MapMode
java.nio.channels.FileLock
java.nio.channels.GatheringByteChannel
java.nio.channels.InterruptibleChannel
java.nio.channels.ReadableByteChannel
java.nio.channels.ScatteringByteChannel
java.nio.channels.WritableByteChannel
java.nio.channels.spi.AbstractInterruptibleChannel
java.nio.channels.spi.AbstractInterruptibleChannel$1
java.nio.channels.spi.AbstractInterruptibleChannel$2
java.nio.channels.spi.AbstractInterruptibleChannel$FooChannel
java.nio.channels.spi.SelectorProvider
java.nio.charset.CharacterCodingException
java.nio.charset.Charset
java.nio.charset.Charset$1
java.nio.charset.Charset$2
java.nio.charset.Charset$3
java.nio.charset.Charset$4
java.nio.charset.CharsetDecoder
java.nio.charset.CharsetEncoder
java.nio.charset.CoderMalfunctionError
java.nio.charset.CoderResult
java.nio.charset.CoderResult$1
java.nio.charset.CoderResult$2
java.nio.charset.CoderResult$Cache
java.nio.charset.CodingErrorAction
java.nio.charset.IllegalCharsetNameException
java.nio.charset.MalformedInputException
java.nio.charset.UnmappableCharacterException
java.nio.charset.UnsupportedCharsetException
java.nio.charset.spi.CharsetProvider
java.security.AccessControlContext
java.security.AccessControlContext$1
java.security.AccessControlException
java.security.AccessController
java.security.AllPermission
java.security.AllPermissionCollection
java.security.AllPermissionCollection$1
java.security.BasicPermission
java.security.BasicPermissionCollection
java.security.Certificate
java.security.Certificate[]
java.security.CodeSigner
java.security.CodeSigner[]
java.security.CodeSource
java.security.DomainCombiner
java.security.GeneralSecurityException
java.security.Guard
java.security.Identity
java.security.IdentityScope
java.security.IdentityScope$1
java.security.InvalidKeyException
java.security.InvalidParameterException
java.security.Key
java.security.KeyException
java.security.KeyManagementException
java.security.KeyPair
java.security.KeyStore
java.security.KeyStoreException
java.security.MessageDigest
java.security.NoSuchAlgorithmException
java.security.NoSuchProviderException
java.security.Permission
java.security.PermissionCollection
java.security.Permissions
java.security.PermissionsEnumerator
java.security.PermissionsHash
java.security.Policy
java.security.Policy$1
java.security.Policy$2
java.security.Policy$3
java.security.Principal
java.security.Principal[]
java.security.PrivateKey
java.security.PrivilegedAction
java.security.PrivilegedActionException
java.security.PrivilegedExceptionAction
java.security.ProtectionDomain
java.security.ProtectionDomain$1
java.security.ProtectionDomain[]
java.security.PublicKey
java.security.Security
java.security.SecurityPermission
java.security.Signature
java.security.SignatureException
java.security.Signer
java.security.Signer$1
java.security.Timestamp
java.security.UnresolvedPermission
java.security.UnresolvedPermissionCollection
java.security.cert.CertPath
java.security.cert.CertPath$CertPathRep
java.security.cert.Certificate
java.security.cert.Certificate$CertificateRep
java.security.cert.CertificateEncodingException
java.security.cert.CertificateException
java.security.cert.CertificateExpiredException
java.security.cert.CertificateFactory
java.security.cert.CertificateNotYetValidException
java.security.cert.CertificateParsingException
java.security.cert.Certificate[]
java.security.cert.X509Certificate
java.security.cert.X509Extension
java.text.Annotation
java.text.AttributeEntry
java.text.AttributedCharacterIterator
java.text.AttributedCharacterIterator$Attribute
java.text.AttributedCharacterIterator$Attribute[]
java.text.AttributedCharacterIterator[]
java.text.AttributedString
java.text.AttributedString$AttributeMap
java.text.AttributedString$AttributedStringIterator
java.text.BreakDictionary
java.text.BreakDictionary$1
java.text.BreakIterator
java.text.BreakIterator$1
java.text.BreakIterator$BreakIteratorCache
java.text.CharacterIterator
java.text.CharacterIteratorFieldDelegate
java.text.CharacterIterator[]
java.text.ChoiceFormat
java.text.DateFormat
java.text.DateFormat$Field
java.text.DateFormat$Field[]
java.text.DateFormatSymbols
java.text.DecimalFormat
java.text.DecimalFormatSymbols
java.text.DictionaryBasedBreakIterator
java.text.DigitList
java.text.DontCareFieldPosition
java.text.DontCareFieldPosition$1
java.text.FieldPosition
java.text.FieldPosition$1
java.text.FieldPosition$Delegate
java.text.FieldPosition[]
java.text.Format
java.text.Format$Field
java.text.Format$FieldDelegate
java.text.Format$Field[]
java.text.Format[]
java.text.MessageFormat
java.text.MessageFormat$Field
java.text.NumberFormat
java.text.NumberFormat$Field
java.text.ParseException
java.text.ParsePosition
java.text.RuleBasedBreakIterator
java.text.RuleBasedBreakIterator$1
java.text.RuleBasedBreakIterator$SafeCharIterator
java.text.SimpleDateFormat
java.text.StringCharacterIterator
java.util.AbstractCollection
java.util.AbstractCollection[]
java.util.AbstractList
java.util.AbstractList$1
java.util.AbstractList$Itr
java.util.AbstractList$ListItr
java.util.AbstractList[]
java.util.AbstractMap
java.util.AbstractMap$1
java.util.AbstractMap$2
java.util.AbstractMap$2$1
java.util.AbstractMap$SimpleEntry
java.util.AbstractSequentialList
java.util.AbstractSet
java.util.ArrayList
java.util.Arrays
java.util.Arrays$ArrayList
java.util.Calendar
java.util.Calendar$1
java.util.Collection
java.util.Collection[]
java.util.Collections
java.util.Collections$1
java.util.Collections$CheckedCollection
java.util.Collections$CheckedList
java.util.Collections$CheckedMap
java.util.Collections$CheckedRandomAccessList
java.util.Collections$CheckedSet
java.util.Collections$CheckedSortedMap
java.util.Collections$CheckedSortedSet
java.util.Collections$CopiesList
java.util.Collections$EmptyList
java.util.Collections$EmptyMap
java.util.Collections$EmptySet
java.util.Collections$EmptySet$1
java.util.Collections$ReverseComparator
java.util.Collections$ReverseComparator2
java.util.Collections$SelfComparable
java.util.Collections$SingletonList
java.util.Collections$SingletonMap
java.util.Collections$SingletonSet
java.util.Collections$SynchronizedCollection
java.util.Collections$SynchronizedList
java.util.Collections$SynchronizedMap
java.util.Collections$SynchronizedRandomAccessList
java.util.Collections$SynchronizedSet
java.util.Collections$SynchronizedSortedMap
java.util.Collections$SynchronizedSortedSet
java.util.Collections$UnmodifiableCollection
java.util.Collections$UnmodifiableList
java.util.Collections$UnmodifiableMap
java.util.Collections$UnmodifiableRandomAccessList
java.util.Collections$UnmodifiableSet
java.util.Collections$UnmodifiableSortedMap
java.util.Collections$UnmodifiableSortedSet
java.util.Comparator
java.util.ConcurrentModificationException
java.util.Currency
java.util.Currency$1
java.util.Date
java.util.Dictionary
java.util.EmptyStackException
java.util.Enumeration
java.util.Formatter
java.util.GregorianCalendar
java.util.HashMap
java.util.HashMap$1
java.util.HashMap$Entry
java.util.HashMap$EntryIterator
java.util.HashMap$EntrySet
java.util.HashMap$Entry[]
java.util.HashMap$HashIterator
java.util.HashMap$KeyIterator
java.util.HashMap$KeySet
java.util.HashMap$ValueIterator
java.util.HashMap$Values
java.util.HashSet
java.util.Hashtable
java.util.Hashtable$1
java.util.Hashtable$EmptyEnumerator
java.util.Hashtable$EmptyIterator
java.util.Hashtable$Entry
java.util.Hashtable$EntrySet
java.util.Hashtable$Entry[]
java.util.Hashtable$Enumerator
java.util.Hashtable$KeySet
java.util.Hashtable$ValueCollection
java.util.InvalidPropertiesFormatException
java.util.Iterator
java.util.LinkedHashMap
java.util.LinkedHashMap$1
java.util.LinkedHashMap$Entry
java.util.LinkedHashMap$EntryIterator
java.util.LinkedHashMap$KeyIterator
java.util.LinkedHashMap$LinkedHashIterator
java.util.LinkedHashMap$ValueIterator
java.util.LinkedHashSet
java.util.LinkedList
java.util.LinkedList$Entry
java.util.LinkedList$ListItr
java.util.List
java.util.ListIterator
java.util.List[]
java.util.Locale
java.util.Locale[]
java.util.Map
java.util.Map$Entry
java.util.Map$Entry[]
java.util.Map[]
java.util.MissingResourceException
java.util.NoSuchElementException
java.util.Properties
java.util.Properties$LineReader
java.util.PropertyPermission
java.util.PropertyPermissionCollection
java.util.PropertyResourceBundle
java.util.Queue
java.util.Random
java.util.RandomAccess
java.util.RandomAccessSubList
java.util.RandomAccess[]
java.util.ResourceBundle
java.util.ResourceBundle$1
java.util.ResourceBundle$LoaderReference
java.util.ResourceBundle$ResourceCacheKey
java.util.ResourceBundle[]
java.util.Set
java.util.SimpleTimeZone
java.util.SortedMap
java.util.SortedSet
java.util.Stack
java.util.StringTokenizer
java.util.SubList
java.util.SubList$1
java.util.TimeZone
java.util.TimeZone$1
java.util.Vector
java.util.Vector$1
java.util.Vector[]
java.util.WeakHashMap
java.util.WeakHashMap$1
java.util.WeakHashMap$Entry
java.util.WeakHashMap$EntryIterator
java.util.WeakHashMap$EntrySet
java.util.WeakHashMap$Entry[]
java.util.WeakHashMap$HashIterator
java.util.WeakHashMap$KeyIterator
java.util.WeakHashMap$KeySet
java.util.WeakHashMap$ValueIterator
java.util.WeakHashMap$Values
java.util.XMLUtils
java.util.concurrent.atomic.AtomicLong
java.util.concurrent.atomic.AtomicReferenceFieldUpdater
java.util.concurrent.atomic.AtomicReferenceFieldUpdater$AtomicReferenceFieldUpdaterImpl
java.util.regex.ASCII
java.util.regex.MatchResult
java.util.regex.Matcher
java.util.regex.Pattern
java.util.regex.Pattern$Add
java.util.regex.Pattern$All
java.util.regex.Pattern$BackRef
java.util.regex.Pattern$Begin
java.util.regex.Pattern$Behind
java.util.regex.Pattern$BehindS
java.util.regex.Pattern$BitClass
java.util.regex.Pattern$BnM
java.util.regex.Pattern$BnMS
java.util.regex.Pattern$Both
java.util.regex.Pattern$Bound
java.util.regex.Pattern$Branch
java.util.regex.Pattern$CIBackRef
java.util.regex.Pattern$CINotRange
java.util.regex.Pattern$CIRange
java.util.regex.Pattern$Caret
java.util.regex.Pattern$Category
java.util.regex.Pattern$Conditional
java.util.regex.Pattern$Ctype
java.util.regex.Pattern$Curly
java.util.regex.Pattern$Dollar
java.util.regex.Pattern$Dot
java.util.regex.Pattern$Dummy
java.util.regex.Pattern$End
java.util.regex.Pattern$First
java.util.regex.Pattern$GroupCurly
java.util.regex.Pattern$GroupHead
java.util.regex.Pattern$GroupHead[]
java.util.regex.Pattern$GroupRef
java.util.regex.Pattern$GroupTail
java.util.regex.Pattern$JavaDefined
java.util.regex.Pattern$JavaDigit
java.util.regex.Pattern$JavaISOControl
java.util.regex.Pattern$JavaIdentifierIgnorable
java.util.regex.Pattern$JavaJavaIdentifierPart
java.util.regex.Pattern$JavaJavaIdentifierStart
java.util.regex.Pattern$JavaLetter
java.util.regex.Pattern$JavaLetterOrDigit
java.util.regex.Pattern$JavaLowerCase
java.util.regex.Pattern$JavaMirrored
java.util.regex.Pattern$JavaSpaceChar
java.util.regex.Pattern$JavaTitleCase
java.util.regex.Pattern$JavaTypeClass
java.util.regex.Pattern$JavaUnicodeIdentifierPart
java.util.regex.Pattern$JavaUnicodeIdentifierStart
java.util.regex.Pattern$JavaUpperCase
java.util.regex.Pattern$JavaWhitespace
java.util.regex.Pattern$LastMatch
java.util.regex.Pattern$LastNode
java.util.regex.Pattern$LazyLoop
java.util.regex.Pattern$Loop
java.util.regex.Pattern$Neg
java.util.regex.Pattern$Node
java.util.regex.Pattern$Node[]
java.util.regex.Pattern$Not
java.util.regex.Pattern$NotBehind
java.util.regex.Pattern$NotBehindS
java.util.regex.Pattern$NotCtype
java.util.regex.Pattern$NotRange
java.util.regex.Pattern$NotSingle
java.util.regex.Pattern$NotSingleA
java.util.regex.Pattern$NotSingleU
java.util.regex.Pattern$Pos
java.util.regex.Pattern$Prolog
java.util.regex.Pattern$Ques
java.util.regex.Pattern$Range
java.util.regex.Pattern$Single
java.util.regex.Pattern$SingleA
java.util.regex.Pattern$SingleU
java.util.regex.Pattern$Slice
java.util.regex.Pattern$SliceA
java.util.regex.Pattern$SliceS
java.util.regex.Pattern$SliceU
java.util.regex.Pattern$Specials
java.util.regex.Pattern$Start
java.util.regex.Pattern$StartS
java.util.regex.Pattern$Sub
java.util.regex.Pattern$TreeInfo
java.util.regex.Pattern$UBlock
java.util.regex.Pattern$UnixCaret
java.util.regex.Pattern$UnixDollar
java.util.regex.Pattern$UnixDot
java.util.regex.Pattern$categoryNames
java.util.regex.PatternSyntaxException
java.util.zip.ZipEntry
java.util.zip.ZipInputStream
javax.security.auth.AuthPermission
javax.security.auth.PrivateCredentialPermission
javax.security.auth.PrivateCredentialPermission$CredOwner
javax.security.auth.PrivateCredentialPermission$CredOwner[]
javax.security.auth.Subject
javax.security.auth.Subject$1
javax.security.auth.Subject$2
javax.security.auth.Subject$ClassSet
javax.security.auth.Subject$SecureSet
javax.security.auth.Subject$SecureSet$1
javax.security.auth.Subject$SecureSet$2
javax.security.auth.Subject$SecureSet$3
javax.security.auth.Subject$SecureSet$4
javax.security.auth.Subject$SecureSet$5
javax.security.auth.Subject$SecureSet$6
javax.security.auth.x500.X500Principal
joeq.Class.PrimordialClassLoader
joeq.Class.jq_Array
joeq.Class.jq_Class
joeq.Class.jq_ClassFileConstants
joeq.Class.jq_ClassInitializer
joeq.Class.jq_CompiledCode
joeq.Class.jq_DontAlign
joeq.Class.jq_Initializer
joeq.Class.jq_InstanceField
joeq.Class.jq_InstanceMethod
joeq.Class.jq_Member
joeq.Class.jq_Method
joeq.Class.jq_Primitive
joeq.Class.jq_Reference
joeq.Class.jq_StaticField
joeq.Class.jq_StaticMethod
joeq.Class.jq_Type
joeq.ClassLib.ClassLibInterface
joeq.Memory.Address
joeq.Memory.Address[]
joeq.Memory.CodeAddress
joeq.Memory.CodeAddress$CodeAddressFactory
joeq.Memory.HeapAddress
joeq.Memory.HeapAddress$HeapAddressFactory
joeq.Memory.StackAddress
joeq.Memory.StackAddress$StackAddressFactory
joeq.Runtime.Arrays
joeq.Runtime.BasicReflectionImpl
joeq.Runtime.ObjectTraverser
joeq.Runtime.Reflection
jwutil.util.Assert
long
long[]
short
short[]
short[][]
sun.io.ByteToCharConverter
sun.io.CharToByteConverter
sun.io.CharacterEncoding
sun.io.CharacterEncoding$1
sun.io.CharacterEncoding$2
sun.io.ConversionBufferFullException
sun.io.Converters
sun.io.MalformedInputException
sun.io.UnknownCharacterException
sun.misc.BASE64Decoder
sun.misc.ClassFileTransformer
sun.misc.Cleaner
sun.misc.Cleaner$1
sun.misc.CompoundEnumeration
sun.misc.FDBigInt
sun.misc.FDBigInt[]
sun.misc.FloatingDecimal
sun.misc.FloatingDecimal$1
sun.misc.FpUtils
sun.misc.HexDumpEncoder
sun.misc.JavaLangAccess
sun.misc.Launcher
sun.misc.MessageUtils
sun.misc.Resource
sun.misc.Service
sun.misc.SharedSecrets
sun.misc.SoftCache
sun.misc.SoftCache$1
sun.misc.SoftCache$Entry
sun.misc.SoftCache$EntrySet
sun.misc.SoftCache$EntrySet$1
sun.misc.SoftCache$ValueCell
sun.misc.URLClassPath
sun.misc.Unsafe
sun.misc.VM
sun.misc.VMNotification
sun.misc.Version
sun.net.InetAddressCachePolicy
sun.net.InetAddressCachePolicy$1
sun.net.InetAddressCachePolicy$2
sun.net.spi.nameservice.NameService
sun.net.spi.nameservice.NameServiceDescriptor
sun.net.util.IPAddressUtil
sun.net.www.ParseUtil
sun.nio.ch.FileChannelImpl
sun.nio.ch.Interruptible
sun.nio.cs.FastCharsetProvider
sun.nio.cs.FastCharsetProvider$1
sun.nio.cs.HistoricallyNamedCharset
sun.nio.cs.StandardCharsets
sun.nio.cs.StandardCharsets$1
sun.nio.cs.StandardCharsets$Aliases
sun.nio.cs.StandardCharsets$Cache
sun.nio.cs.StandardCharsets$Classes
sun.nio.cs.StreamDecoder
sun.nio.cs.StreamDecoder$1
sun.nio.cs.StreamDecoder$CharsetSD
sun.nio.cs.StreamDecoder$ConverterSD
sun.nio.cs.StreamEncoder
sun.nio.cs.StreamEncoder$1
sun.nio.cs.StreamEncoder$CharsetSE
sun.nio.cs.StreamEncoder$ConverterSE
sun.nio.cs.ThreadLocalCoders
sun.nio.cs.US_ASCII
sun.nio.cs.US_ASCII$1
sun.nio.cs.US_ASCII$Decoder
sun.nio.cs.US_ASCII$Encoder
sun.reflect.AccessorGenerator
sun.reflect.BootstrapConstructorAccessorImpl
sun.reflect.ByteVector
sun.reflect.ByteVectorFactory
sun.reflect.ByteVectorImpl
sun.reflect.ClassDefiner
sun.reflect.ClassFileAssembler
sun.reflect.ClassFileConstants
sun.reflect.ConstantPool
sun.reflect.ConstructorAccessor
sun.reflect.ConstructorAccessorImpl
sun.reflect.DelegatingConstructorAccessorImpl
sun.reflect.DelegatingMethodAccessorImpl
sun.reflect.FieldAccessor
sun.reflect.FieldAccessorImpl
sun.reflect.InstantiationExceptionConstructorAccessorImpl
sun.reflect.Label
sun.reflect.Label$PatchInfo
sun.reflect.LangReflectAccess
sun.reflect.MagicAccessorImpl
sun.reflect.MethodAccessor
sun.reflect.MethodAccessorGenerator
sun.reflect.MethodAccessorGenerator$1
sun.reflect.MethodAccessorImpl
sun.reflect.NativeConstructorAccessorImpl
sun.reflect.NativeMethodAccessorImpl
sun.reflect.Reflection
sun.reflect.ReflectionFactory
sun.reflect.ReflectionFactory$1
sun.reflect.ReflectionFactory$GetReflectionFactoryAction
sun.reflect.SerializationConstructorAccessorImpl
sun.reflect.UTF8
sun.reflect.UnsafeFieldAccessorFactory
sun.reflect.UnsafeFieldAccessorImpl
sun.reflect.annotation.AnnotationParser
sun.reflect.annotation.AnnotationType
sun.reflect.annotation.ExceptionProxy
sun.reflect.generics.factory.CoreReflectionFactory
sun.reflect.generics.factory.GenericsFactory
sun.reflect.generics.repository.ClassRepository
sun.reflect.generics.repository.ConstructorRepository
sun.reflect.generics.repository.FieldRepository
sun.reflect.generics.repository.MethodRepository
sun.reflect.generics.scope.ClassScope
sun.reflect.generics.scope.ConstructorScope
sun.reflect.generics.scope.MethodScope
sun.security.action.GetBooleanAction
sun.security.action.GetIntegerAction
sun.security.action.GetPropertyAction
sun.security.action.LoadLibraryAction
sun.security.provider.IdentityDatabase
sun.security.provider.PolicyFile
sun.security.provider.PolicyFile$1
sun.security.provider.PolicyFile$2
sun.security.provider.PolicyFile$3
sun.security.provider.PolicyFile$4
sun.security.provider.PolicyFile$5
sun.security.provider.PolicyFile$6
sun.security.provider.PolicyFile$7
sun.security.provider.PolicyFile$8
sun.security.provider.PolicyFile$PolicyEntry
sun.security.provider.PolicyInfo
sun.security.provider.PolicyParser
sun.security.provider.PolicyParser$GrantEntry
sun.security.provider.PolicyParser$ParsingException
sun.security.provider.PolicyParser$PermissionEntry
sun.security.provider.PolicyParser$PrincipalEntry
sun.security.provider.SelfPermission
sun.security.provider.SystemIdentity
sun.security.provider.SystemSigner
sun.security.provider.X509Factory
sun.security.util.Debug
sun.security.util.DerEncoder
sun.security.util.DerInputStream
sun.security.util.DerOutputStream
sun.security.util.DerValue
sun.security.util.ObjectIdentifier
sun.security.util.Password
sun.security.util.PropertyExpander
sun.security.util.ResourcesMgr
sun.security.util.ResourcesMgr$1
sun.security.util.ResourcesMgr$2
sun.security.util.SecurityConstants
sun.security.x509.AccessDescription
sun.security.x509.AlgorithmId
sun.security.x509.AttributeNameEnumeration
sun.security.x509.AuthorityKeyIdentifierExtension
sun.security.x509.BasicConstraintsExtension
sun.security.x509.CRLDistributionPointsExtension
sun.security.x509.CertificateExtensions
sun.security.x509.CertificatePoliciesExtension
sun.security.x509.CertificateValidity
sun.security.x509.DNSName
sun.security.x509.ExtendedKeyUsageExtension
sun.security.x509.Extension
sun.security.x509.GeneralName
sun.security.x509.GeneralNameInterface
sun.security.x509.GeneralNames
sun.security.x509.IPAddressName
sun.security.x509.IssuerAlternativeNameExtension
sun.security.x509.KeyUsageExtension
sun.security.x509.NameConstraintsExtension
sun.security.x509.OIDMap
sun.security.x509.OIDName
sun.security.x509.PKIXExtensions
sun.security.x509.PolicyConstraintsExtension
sun.security.x509.PolicyMappingsExtension
sun.security.x509.PrivateKeyUsageExtension
sun.security.x509.RFC822Name
sun.security.x509.SerialNumber
sun.security.x509.SubjectAlternativeNameExtension
sun.security.x509.SubjectKeyIdentifierExtension
sun.security.x509.URIName
sun.security.x509.UniqueIdentity
sun.security.x509.X500Name
sun.security.x509.X509AttributeName
sun.security.x509.X509CertImpl
sun.security.x509.X509CertInfo
sun.text.CharTrie
sun.text.CompactByteArray
sun.text.IntTrie
sun.text.Normalizer
sun.text.Normalizer$1
sun.text.Normalizer$FCDMode
sun.text.Normalizer$IsNextBoundary
sun.text.Normalizer$IsNextNFDSafe
sun.text.Normalizer$IsNextTrueStarter
sun.text.Normalizer$IsPrevBoundary
sun.text.Normalizer$IsPrevNFDSafe
sun.text.Normalizer$IsPrevTrueStarter
sun.text.Normalizer$Mode
sun.text.Normalizer$NFCMode
sun.text.Normalizer$NFDMode
sun.text.Normalizer$NFKCMode
sun.text.Normalizer$NFKDMode
sun.text.Normalizer$QuickCheckResult
sun.text.NormalizerDataReader
sun.text.NormalizerImpl
sun.text.NormalizerImpl$1
sun.text.NormalizerImpl$ComposePartArgs
sun.text.NormalizerImpl$DecomposeArgs
sun.text.NormalizerImpl$FCDTrieImpl
sun.text.NormalizerImpl$NextCCArgs
sun.text.NormalizerImpl$NextCombiningArgs
sun.text.NormalizerImpl$NormTrieImpl
sun.text.NormalizerImpl$PrevArgs
sun.text.NormalizerImpl$RecomposeArgs
sun.text.SupplementaryCharacterData
sun.text.Trie
sun.text.Trie$DataManipulate
sun.text.UCharacterIterator
sun.text.Utility
sun.text.resources.LocaleData
sun.text.resources.LocaleData$1
sun.text.resources.LocaleData$2
sun.util.BuddhistCalendar
sun.util.PreHashedMap
sun.util.PreHashedMap$1
sun.util.PreHashedMap$1$1
sun.util.PreHashedMap$2
sun.util.PreHashedMap$2$1
sun.util.PreHashedMap$2$1$1
sun.util.calendar.AbstractCalendar
sun.util.calendar.BaseCalendar
sun.util.calendar.BaseCalendar$Date
sun.util.calendar.CalendarDate
sun.util.calendar.CalendarSystem
sun.util.calendar.CalendarUtils
sun.util.calendar.Era
sun.util.calendar.Era[]
sun.util.calendar.Gregorian
sun.util.calendar.Gregorian$Date
sun.util.calendar.JulianCalendar
sun.util.calendar.JulianCalendar$Date
sun.util.calendar.ZoneInfo
sun.util.calendar.ZoneInfoFile
sun.util.calendar.ZoneInfoFile$1
void
