101!run:()V@Philo
104!run:()V@Philo
105!getForks:(I)I@Table
109!getForks:(I)I@Table
114!getForks:(I)I@Table
117!getForks:(I)I@Table
117!run:()V@Philo
11!putForks:(I)V@Table
120!getForks:(I)I@Table
124!getForks:(I)I@Table
127!run:()V@Philo
134!run:()V@Philo
139!run:()V@Philo
143!run:()V@Philo
148!run:()V@Philo
14!run:()V@Philo
151!getForks:(I)I@Table
151!run:()V@Philo
154!run:()V@Philo
155!getForks:(I)I@Table
158!run:()V@Philo
15!getForks:(I)I@Table
160!getForks:(I)I@Table
163!getForks:(I)I@Table
166!getForks:(I)I@Table
168!run:()V@Philo
16!putForks:(I)V@Table
175!run:()V@Philo
180!run:()V@Philo
183!run:()V@Philo
186!run:()V@Philo
197!run:()V@Philo
19!getForks:(I)I@Table
19!putForks:(I)V@Table
19!run:()V@Philo
1!<init>:(ILTable;)V@Philo
1!<init>:()V@Table
214!run:()V@Philo
221!run:()V@Philo
226!run:()V@Philo
229!run:()V@Philo
22!putForks:(I)V@Table
22!run:()V@Philo
232!run:()V@Philo
24!getForks:(I)I@Table
25!run:()V@Philo
28!getForks:(I)I@Table
28!main:([Ljava/lang/String;)V@Philo
33!getForks:(I)I@Table
35!main:([Ljava/lang/String;)V@Philo
42!getForks:(I)I@Table
43!run:()V@Philo
44!putForks:(I)V@Table
47!getForks:(I)I@Table
4!main:([Ljava/lang/String;)V@Philo
50!run:()V@Philo
51!getForks:(I)I@Table
54!main:([Ljava/lang/String;)V@Philo
54!putForks:(I)V@Table
55!run:()V@Philo
56!getForks:(I)I@Table
58!putForks:(I)V@Table
58!run:()V@Philo
61!run:()V@Philo
63!putForks:(I)V@Table
65!getForks:(I)I@Table
66!putForks:(I)V@Table
68!getForks:(I)I@Table
69!putForks:(I)V@Table
71!getForks:(I)I@Table
72!run:()V@Philo
77!getForks:(I)I@Table
7!putForks:(I)V@Table
7!run:()V@Philo
83!run:()V@Philo
90!run:()V@Philo
95!run:()V@Philo
98!run:()V@Philo
