101!main:([Ljava/lang/String;)V@Tsp
101!read_tsp:(Ljava/lang/String;)I@Tsp
105!read_tsp:(Ljava/lang/String;)I@Tsp
106!find_solvable_tour:()I@TspSolver
107!recursive_solve:(I)V@TspSolver
111!find_solvable_tour:()I@TspSolver
112!recursive_solve:(I)V@TspSolver
113!main:([Ljava/lang/String;)V@Tsp
119!recursive_solve:(I)V@TspSolver
122!recursive_solve:(I)V@TspSolver
125!recursive_solve:(I)V@TspSolver
128!split_tour:(I)V@TspSolver
129!recursive_solve:(I)V@TspSolver
12!main:([Ljava/lang/String;)V@Tsp
12!read_tsp:(Ljava/lang/String;)I@Tsp
136!calc_bound:(I)I@TspSolver
140!find_solvable_tour:()I@TspSolver
146!visit_nodes:(I)V@TspSolver
161!recursive_solve:(I)V@TspSolver
163!split_tour:(I)V@TspSolver
164!main:([Ljava/lang/String;)V@Tsp
167!find_solvable_tour:()I@TspSolver
168!split_tour:(I)V@TspSolver
16!Worker:()V@TspSolver
170!recursive_solve:(I)V@TspSolver
174!split_tour:(I)V@TspSolver
175!recursive_solve:(I)V@TspSolver
175!visit_nodes:(I)V@TspSolver
177!split_tour:(I)V@TspSolver
178!recursive_solve:(I)V@TspSolver
17!MakeTourString:(I[I)V@TspSolver
180!split_tour:(I)V@TspSolver
181!recursive_solve:(I)V@TspSolver
184!split_tour:(I)V@TspSolver
187!new_tour:(II)I@TspSolver
19!read_tsp:(Ljava/lang/String;)I@Tsp
1!<init>:()V@PrioQElement
1!<init>:()V@TourElement
1!<init>:()V@TspSolver
1!run:()V@TspSolver
202!recursive_solve:(I)V@TspSolver
22!read_tsp:(Ljava/lang/String;)I@Tsp
23!<clinit>:()V@TspSolver
23!MakeTourString:(I[I)V@TspSolver
246!split_tour:(I)V@TspSolver
249!main:([Ljava/lang/String;)V@Tsp
25!get_tour:(I)I@TspSolver
26!main:([Ljava/lang/String;)V@Tsp
272!main:([Ljava/lang/String;)V@Tsp
275!find_solvable_tour:()I@TspSolver
28!MakeTourString:(I[I)V@TspSolver
294!main:([Ljava/lang/String;)V@Tsp
312!main:([Ljava/lang/String;)V@Tsp
315!main:([Ljava/lang/String;)V@Tsp
31!MakeTourString:(I[I)V@TspSolver
327!main:([Ljava/lang/String;)V@Tsp
332!main:([Ljava/lang/String;)V@Tsp
338!main:([Ljava/lang/String;)V@Tsp
343!main:([Ljava/lang/String;)V@Tsp
34!<clinit>:()V@TspSolver
34!MakeTourString:(I[I)V@TspSolver
353!main:([Ljava/lang/String;)V@Tsp
356!main:([Ljava/lang/String;)V@Tsp
359!main:([Ljava/lang/String;)V@Tsp
369!main:([Ljava/lang/String;)V@Tsp
374!main:([Ljava/lang/String;)V@Tsp
380!main:([Ljava/lang/String;)V@Tsp
383!main:([Ljava/lang/String;)V@Tsp
386!main:([Ljava/lang/String;)V@Tsp
394!main:([Ljava/lang/String;)V@Tsp
39!new_tour:(II)I@TspSolver
39!read_tsp:(Ljava/lang/String;)I@Tsp
3!Worker:()V@TspSolver
403!main:([Ljava/lang/String;)V@Tsp
42!main:([Ljava/lang/String;)V@Tsp
44!new_tour:(II)I@TspSolver
45!<clinit>:()V@TspSolver
46!main:([Ljava/lang/String;)V@Tsp
49!main:([Ljava/lang/String;)V@Tsp
4!<clinit>:()V@TspSolver
50!MakeTourString:(I[I)V@TspSolver
50!new_tour:(II)I@TspSolver
50!read_tsp:(Ljava/lang/String;)I@Tsp
53!new_tour:(II)I@TspSolver
56!new_tour:(II)I@TspSolver
58!read_tsp:(Ljava/lang/String;)I@Tsp
60!new_tour:(II)I@TspSolver
61!MakeTourString:(I[I)V@TspSolver
66!main:([Ljava/lang/String;)V@Tsp
75!read_tsp:(Ljava/lang/String;)I@Tsp
76!main:([Ljava/lang/String;)V@Tsp
76!MakeTourString:(I[I)V@TspSolver
79!main:([Ljava/lang/String;)V@Tsp
81!read_tsp:(Ljava/lang/String;)I@Tsp
9!read_tsp:(Ljava/lang/String;)I@Tsp
