6!<init>:(Ljava/lang/Object;)V@EDU.oswego.cs.dl.util.concurrent.LinkedNode
11!<init>:(Ljava/lang/Object;)V@EDU.oswego.cs.dl.util.concurrent.LinkedNode
12!<init>:()V@EDU.oswego.cs.dl.util.concurrent.LinkedQueue
17!<init>:()V@EDU.oswego.cs.dl.util.concurrent.LinkedQueue
29!<init>:()V@EDU.oswego.cs.dl.util.concurrent.LinkedQueue
34!<init>:()V@EDU.oswego.cs.dl.util.concurrent.LinkedQueue
37!<init>:()V@EDU.oswego.cs.dl.util.concurrent.LinkedQueue
1!extract:()Ljava/lang/Object;@EDU.oswego.cs.dl.util.concurrent.LinkedQueue
10!extract:()Ljava/lang/Object;@EDU.oswego.cs.dl.util.concurrent.LinkedQueue
13!extract:()Ljava/lang/Object;@EDU.oswego.cs.dl.util.concurrent.LinkedQueue
22!extract:()Ljava/lang/Object;@EDU.oswego.cs.dl.util.concurrent.LinkedQueue
28!extract:()Ljava/lang/Object;@EDU.oswego.cs.dl.util.concurrent.LinkedQueue
33!extract:()Ljava/lang/Object;@EDU.oswego.cs.dl.util.concurrent.LinkedQueue
1!insert:(Ljava/lang/Object;)V@EDU.oswego.cs.dl.util.concurrent.LinkedQueue
17!insert:(Ljava/lang/Object;)V@EDU.oswego.cs.dl.util.concurrent.LinkedQueue
25!insert:(Ljava/lang/Object;)V@EDU.oswego.cs.dl.util.concurrent.LinkedQueue
29!insert:(Ljava/lang/Object;)V@EDU.oswego.cs.dl.util.concurrent.LinkedQueue
34!insert:(Ljava/lang/Object;)V@EDU.oswego.cs.dl.util.concurrent.LinkedQueue
52!insert:(Ljava/lang/Object;)V@EDU.oswego.cs.dl.util.concurrent.LinkedQueue
59!insert:(Ljava/lang/Object;)V@EDU.oswego.cs.dl.util.concurrent.LinkedQueue
26!poll:(J)Ljava/lang/Object;@EDU.oswego.cs.dl.util.concurrent.LinkedQueue
53!poll:(J)Ljava/lang/Object;@EDU.oswego.cs.dl.util.concurrent.LinkedQueue
58!poll:(J)Ljava/lang/Object;@EDU.oswego.cs.dl.util.concurrent.LinkedQueue
93!poll:(J)Ljava/lang/Object;@EDU.oswego.cs.dl.util.concurrent.LinkedQueue
79!poll:(J)Ljava/lang/Object;@EDU.oswego.cs.dl.util.concurrent.LinkedQueue
84!poll:(J)Ljava/lang/Object;@EDU.oswego.cs.dl.util.concurrent.LinkedQueue
118!poll:(J)Ljava/lang/Object;@EDU.oswego.cs.dl.util.concurrent.LinkedQueue
123!poll:(J)Ljava/lang/Object;@EDU.oswego.cs.dl.util.concurrent.LinkedQueue
127!poll:(J)Ljava/lang/Object;@EDU.oswego.cs.dl.util.concurrent.LinkedQueue
26!take:()Ljava/lang/Object;@EDU.oswego.cs.dl.util.concurrent.LinkedQueue
34!take:()Ljava/lang/Object;@EDU.oswego.cs.dl.util.concurrent.LinkedQueue
39!take:()Ljava/lang/Object;@EDU.oswego.cs.dl.util.concurrent.LinkedQueue
66!take:()Ljava/lang/Object;@EDU.oswego.cs.dl.util.concurrent.LinkedQueue
53!take:()Ljava/lang/Object;@EDU.oswego.cs.dl.util.concurrent.LinkedQueue
58!take:()Ljava/lang/Object;@EDU.oswego.cs.dl.util.concurrent.LinkedQueue
78!take:()Ljava/lang/Object;@EDU.oswego.cs.dl.util.concurrent.LinkedQueue
83!take:()Ljava/lang/Object;@EDU.oswego.cs.dl.util.concurrent.LinkedQueue
87!take:()Ljava/lang/Object;@EDU.oswego.cs.dl.util.concurrent.LinkedQueue
12!<init>:(Ljava/lang/String;Ljava/util/Locale;)V@hedc.DateFormatter
17!<init>:(Ljava/lang/String;Ljava/util/Locale;)V@hedc.DateFormatter
25!<init>:(Ljava/lang/String;Ljava/util/Locale;)V@hedc.DateFormatter
33!<init>:(Ljava/lang/String;Ljava/util/Locale;)V@hedc.DateFormatter
37!<init>:(Ljava/lang/String;Ljava/util/Locale;)V@hedc.DateFormatter
53!<init>:(Ljava/lang/String;Ljava/util/Locale;)V@hedc.DateFormatter
1!append:(Ljava/lang/StringBuffer;II)V@hedc.DateFormatter
9!append:(Ljava/lang/StringBuffer;II)V@hedc.DateFormatter
2!applyPattern:(Ljava/lang/String;)V@hedc.DateFormatter
23!equals:(Ljava/lang/Object;)Z@hedc.DateFormatter
27!equals:(Ljava/lang/Object;)Z@hedc.DateFormatter
37!equals:(Ljava/lang/Object;)Z@hedc.DateFormatter
41!equals:(Ljava/lang/Object;)Z@hedc.DateFormatter
51!equals:(Ljava/lang/Object;)Z@hedc.DateFormatter
55!equals:(Ljava/lang/Object;)Z@hedc.DateFormatter
77!equals:(Ljava/lang/Object;Ljava/lang/Object;)Z@hedc.DateFormatter
81!equals:(Ljava/lang/Object;Ljava/lang/Object;)Z@hedc.DateFormatter
1!format:(Ljava/util/Date;Ljava/lang/StringBuffer;Ljava/text/FieldPosition;)Ljava/lang/StringBuffer;@hedc.DateFormatter
19!format:(Ljava/util/Date;Ljava/lang/StringBuffer;Ljava/text/FieldPosition;)Ljava/lang/StringBuffer;@hedc.DateFormatter
41!format:(Ljava/util/Date;Ljava/lang/StringBuffer;Ljava/text/FieldPosition;)Ljava/lang/StringBuffer;@hedc.DateFormatter
171!format:(Ljava/util/Date;Ljava/lang/StringBuffer;Ljava/text/FieldPosition;)Ljava/lang/StringBuffer;@hedc.DateFormatter
913!format:(Ljava/util/Date;Ljava/lang/StringBuffer;Ljava/text/FieldPosition;)Ljava/lang/StringBuffer;@hedc.DateFormatter
940!format:(Ljava/util/Date;Ljava/lang/StringBuffer;Ljava/text/FieldPosition;)Ljava/lang/StringBuffer;@hedc.DateFormatter
948!format:(Ljava/util/Date;Ljava/lang/StringBuffer;Ljava/text/FieldPosition;)Ljava/lang/StringBuffer;@hedc.DateFormatter
985!format:(Ljava/util/Date;Ljava/lang/StringBuffer;Ljava/text/FieldPosition;)Ljava/lang/StringBuffer;@hedc.DateFormatter
882!format:(Ljava/util/Date;Ljava/lang/StringBuffer;Ljava/text/FieldPosition;)Ljava/lang/StringBuffer;@hedc.DateFormatter
890!format:(Ljava/util/Date;Ljava/lang/StringBuffer;Ljava/text/FieldPosition;)Ljava/lang/StringBuffer;@hedc.DateFormatter
643!format:(Ljava/util/Date;Ljava/lang/StringBuffer;Ljava/text/FieldPosition;)Ljava/lang/StringBuffer;@hedc.DateFormatter
651!format:(Ljava/util/Date;Ljava/lang/StringBuffer;Ljava/text/FieldPosition;)Ljava/lang/StringBuffer;@hedc.DateFormatter
630!format:(Ljava/util/Date;Ljava/lang/StringBuffer;Ljava/text/FieldPosition;)Ljava/lang/StringBuffer;@hedc.DateFormatter
638!format:(Ljava/util/Date;Ljava/lang/StringBuffer;Ljava/text/FieldPosition;)Ljava/lang/StringBuffer;@hedc.DateFormatter
534!format:(Ljava/util/Date;Ljava/lang/StringBuffer;Ljava/text/FieldPosition;)Ljava/lang/StringBuffer;@hedc.DateFormatter
542!format:(Ljava/util/Date;Ljava/lang/StringBuffer;Ljava/text/FieldPosition;)Ljava/lang/StringBuffer;@hedc.DateFormatter
521!format:(Ljava/util/Date;Ljava/lang/StringBuffer;Ljava/text/FieldPosition;)Ljava/lang/StringBuffer;@hedc.DateFormatter
529!format:(Ljava/util/Date;Ljava/lang/StringBuffer;Ljava/text/FieldPosition;)Ljava/lang/StringBuffer;@hedc.DateFormatter
68!format:(Ljava/util/Date;Ljava/lang/StringBuffer;Ljava/text/FieldPosition;)Ljava/lang/StringBuffer;@hedc.DateFormatter
6!hashCode:()I@hedc.DateFormatter
14!hashCode:()I@hedc.DateFormatter
3!parse:(Ljava/lang/String;Ljava/text/ParsePosition;)Ljava/util/Date;@hedc.DateFormatter
12!parse:(Ljava/lang/String;Ljava/text/ParsePosition;)Ljava/util/Date;@hedc.DateFormatter
1004!parse:(Ljava/lang/String;Ljava/text/ParsePosition;)Ljava/util/Date;@hedc.DateFormatter
28!parse:(Ljava/lang/String;Ljava/text/ParsePosition;)Ljava/util/Date;@hedc.DateFormatter
167!parse:(Ljava/lang/String;Ljava/text/ParsePosition;)Ljava/util/Date;@hedc.DateFormatter
652!parse:(Ljava/lang/String;Ljava/text/ParsePosition;)Ljava/util/Date;@hedc.DateFormatter
688!parse:(Ljava/lang/String;Ljava/text/ParsePosition;)Ljava/util/Date;@hedc.DateFormatter
707!parse:(Ljava/lang/String;Ljava/text/ParsePosition;)Ljava/util/Date;@hedc.DateFormatter
743!parse:(Ljava/lang/String;Ljava/text/ParsePosition;)Ljava/util/Date;@hedc.DateFormatter
754!parse:(Ljava/lang/String;Ljava/text/ParsePosition;)Ljava/util/Date;@hedc.DateFormatter
768!parse:(Ljava/lang/String;Ljava/text/ParsePosition;)Ljava/util/Date;@hedc.DateFormatter
633!parse:(Ljava/lang/String;Ljava/text/ParsePosition;)Ljava/util/Date;@hedc.DateFormatter
542!parse:(Ljava/lang/String;Ljava/text/ParsePosition;)Ljava/util/Date;@hedc.DateFormatter
532!parse:(Ljava/lang/String;Ljava/text/ParsePosition;)Ljava/util/Date;@hedc.DateFormatter
487!parse:(Ljava/lang/String;Ljava/text/ParsePosition;)Ljava/util/Date;@hedc.DateFormatter
477!parse:(Ljava/lang/String;Ljava/text/ParsePosition;)Ljava/util/Date;@hedc.DateFormatter
911!parse:(Ljava/lang/String;Ljava/text/ParsePosition;)Ljava/util/Date;@hedc.DateFormatter
952!parse:(Ljava/lang/String;Ljava/text/ParsePosition;)Ljava/util/Date;@hedc.DateFormatter
816!parse:(Ljava/lang/String;Ljava/text/ParsePosition;)Ljava/util/Date;@hedc.DateFormatter
825!parse:(Ljava/lang/String;Ljava/text/ParsePosition;)Ljava/util/Date;@hedc.DateFormatter
834!parse:(Ljava/lang/String;Ljava/text/ParsePosition;)Ljava/util/Date;@hedc.DateFormatter
972!parse:(Ljava/lang/String;Ljava/text/ParsePosition;)Ljava/util/Date;@hedc.DateFormatter
59!parse:(Ljava/lang/String;Ljava/text/ParsePosition;)Ljava/util/Date;@hedc.DateFormatter
1!<clinit>:()V@hedc.FormFiller
5!<clinit>:()V@hedc.FormFiller
9!<clinit>:()V@hedc.FormFiller
13!<clinit>:()V@hedc.FormFiller
17!<clinit>:()V@hedc.FormFiller
21!<clinit>:()V@hedc.FormFiller
25!<clinit>:()V@hedc.FormFiller
35!<clinit>:()V@hedc.FormFiller
48!<clinit>:()V@hedc.FormFiller
57!<clinit>:()V@hedc.FormFiller
66!<clinit>:()V@hedc.FormFiller
85!<clinit>:()V@hedc.FormFiller
103!<clinit>:()V@hedc.FormFiller
122!<clinit>:()V@hedc.FormFiller
131!<clinit>:()V@hedc.FormFiller
134!<clinit>:()V@hedc.FormFiller
149!<clinit>:()V@hedc.FormFiller
167!<clinit>:()V@hedc.FormFiller
6!<init>:(Ljava/io/Writer;Ljava/util/Hashtable;)V@hedc.FormFiller
11!<init>:(Ljava/io/Writer;Ljava/util/Hashtable;)V@hedc.FormFiller
16!<init>:(Ljava/io/Writer;Ljava/util/Hashtable;)V@hedc.FormFiller
21!<init>:(Ljava/io/Writer;Ljava/util/Hashtable;)V@hedc.FormFiller
26!<init>:(Ljava/io/Writer;Ljava/util/Hashtable;)V@hedc.FormFiller
8!<init>:(Ljava/io/Writer;Ljava/util/Hashtable;Ljava/lang/String;)V@hedc.FormFiller
1!determineForm_:()Ljava/lang/String;@hedc.FormFiller
15!determineForm_:()Ljava/lang/String;@hedc.FormFiller
8!determineForm_:()Ljava/lang/String;@hedc.FormFiller
68!determineForm_:()Ljava/lang/String;@hedc.FormFiller
161!determineForm_:()Ljava/lang/String;@hedc.FormFiller
5!fillForm:()J@hedc.FormFiller
8!go:()V@hedc.FormFiller
15!go:()V@hedc.FormFiller
64!internalize:(Ljava/lang/String;)[C@hedc.FormFiller
113!internalize:(Ljava/lang/String;)[C@hedc.FormFiller
3!sendResult_:(Ljava/util/Hashtable;Ljava/lang/String;)J@hedc.FormFiller
39!sendResult_:(Ljava/util/Hashtable;Ljava/lang/String;)J@hedc.FormFiller
47!sendResult_:(Ljava/util/Hashtable;Ljava/lang/String;)J@hedc.FormFiller
22!sendResult_:(Ljava/util/Hashtable;Ljava/lang/String;)J@hedc.FormFiller
7!<clinit>:()V@hedc.Messages
10!<clinit>:()V@hedc.Messages
18!<clinit>:()V@hedc.Messages
21!<clinit>:()V@hedc.Messages
25!<clinit>:()V@hedc.Messages
29!<clinit>:()V@hedc.Messages
0!dlevel:()I@hedc.Messages
7!format:(Ljava/lang/String;Ljava/lang/Object;)Ljava/lang/String;@hedc.Messages
7!format:(Ljava/lang/String;Ljava/lang/Object;Ljava/lang/Object;)Ljava/lang/String;@hedc.Messages
11!format:(Ljava/lang/String;Ljava/lang/Object;Ljava/lang/Object;)Ljava/lang/String;@hedc.Messages
7!format:(Ljava/lang/String;Ljava/lang/Object;Ljava/lang/Object;Ljava/lang/Object;)Ljava/lang/String;@hedc.Messages
11!format:(Ljava/lang/String;Ljava/lang/Object;Ljava/lang/Object;Ljava/lang/Object;)Ljava/lang/String;@hedc.Messages
15!format:(Ljava/lang/String;Ljava/lang/Object;Ljava/lang/Object;Ljava/lang/Object;)Ljava/lang/String;@hedc.Messages
179!format:(Ljava/lang/String;[Ljava/lang/Object;)Ljava/lang/String;@hedc.Messages
239!format:(Ljava/lang/String;[Ljava/lang/Object;)Ljava/lang/String;@hedc.Messages
218!format:(Ljava/lang/String;[Ljava/lang/Object;)Ljava/lang/String;@hedc.Messages
197!format:(Ljava/lang/String;[Ljava/lang/Object;)Ljava/lang/String;@hedc.Messages
88!format:(Ljava/lang/String;[Ljava/lang/Object;)Ljava/lang/String;@hedc.Messages
16!output_:(Ljava/lang/String;Ljava/lang/String;)V@hedc.Messages
33!output_:(Ljava/lang/String;Ljava/lang/String;)V@hedc.Messages
0!wlevel:()I@hedc.Messages
1!<clinit>:()V@hedc.MetaSearchImpl
6!<clinit>:()V@hedc.MetaSearchImpl
10!<clinit>:()V@hedc.MetaSearchImpl
14!<clinit>:()V@hedc.MetaSearchImpl
18!<clinit>:()V@hedc.MetaSearchImpl
22!<clinit>:()V@hedc.MetaSearchImpl
6!<init>:()V@hedc.MetaSearchImpl
11!<init>:()V@hedc.MetaSearchImpl
22!<init>:()V@hedc.MetaSearchImpl
42!<init>:()V@hedc.MetaSearchImpl
46!<init>:()V@hedc.MetaSearchImpl
60!<init>:()V@hedc.MetaSearchImpl
68!<init>:()V@hedc.MetaSearchImpl
76!<init>:()V@hedc.MetaSearchImpl
0!getUniqueInstance:()Lhedc/MetaSearchImpl;@hedc.MetaSearchImpl
13!getUniqueInstance:()Lhedc/MetaSearchImpl;@hedc.MetaSearchImpl
26!getUniqueInstance:()Lhedc/MetaSearchImpl;@hedc.MetaSearchImpl
109!search:(Ljava/util/Hashtable;Lhedc/MetaSearchRequest;)Ljava/util/List;@hedc.MetaSearchImpl
151!search:(Ljava/util/Hashtable;Lhedc/MetaSearchRequest;)Ljava/util/List;@hedc.MetaSearchImpl
168!writeResults_:(Ljava/util/List;Ljava/io/Writer;)J@hedc.MetaSearchImpl
135!writeResults_:(Ljava/util/List;Ljava/io/Writer;)J@hedc.MetaSearchImpl
95!writeResults_:(Ljava/util/List;Ljava/io/Writer;)J@hedc.MetaSearchImpl
8!<init>:(Ljava/io/Writer;Lhedc/MetaSearchImpl;Ljava/util/Hashtable;)V@hedc.MetaSearchRequest
13!<init>:(Ljava/io/Writer;Lhedc/MetaSearchImpl;Ljava/util/Hashtable;)V@hedc.MetaSearchRequest
18!<init>:(Ljava/io/Writer;Lhedc/MetaSearchImpl;Ljava/util/Hashtable;)V@hedc.MetaSearchRequest
23!<init>:(Ljava/io/Writer;Lhedc/MetaSearchImpl;Ljava/util/Hashtable;)V@hedc.MetaSearchRequest
28!<init>:(Ljava/io/Writer;Lhedc/MetaSearchImpl;Ljava/util/Hashtable;)V@hedc.MetaSearchRequest
33!<init>:(Ljava/io/Writer;Lhedc/MetaSearchImpl;Ljava/util/Hashtable;)V@hedc.MetaSearchRequest
38!<init>:(Ljava/io/Writer;Lhedc/MetaSearchImpl;Ljava/util/Hashtable;)V@hedc.MetaSearchRequest
43!<init>:(Ljava/io/Writer;Lhedc/MetaSearchImpl;Ljava/util/Hashtable;)V@hedc.MetaSearchRequest
48!<init>:(Ljava/io/Writer;Lhedc/MetaSearchImpl;Ljava/util/Hashtable;)V@hedc.MetaSearchRequest
53!<init>:(Ljava/io/Writer;Lhedc/MetaSearchImpl;Ljava/util/Hashtable;)V@hedc.MetaSearchRequest
1!countDownInterrupt:()V@hedc.MetaSearchRequest
9!countDownInterrupt:()V@hedc.MetaSearchRequest
15!countDownInterrupt:()V@hedc.MetaSearchRequest
22!countDownInterrupt:()V@hedc.MetaSearchRequest
1!go:()V@hedc.MetaSearchRequest
32!go:()V@hedc.MetaSearchRequest
36!go:()V@hedc.MetaSearchRequest
43!go:()V@hedc.MetaSearchRequest
9!go:()V@hedc.MetaSearchRequest
13!go:()V@hedc.MetaSearchRequest
17!go:()V@hedc.MetaSearchRequest
24!go:()V@hedc.MetaSearchRequest
1!printResults:()Ljava/lang/String;@hedc.MetaSearchRequest
23!printResults:()Ljava/lang/String;@hedc.MetaSearchRequest
2!registerInterrupt:(Ljava/lang/Thread;I)V@hedc.MetaSearchRequest
7!registerInterrupt:(Ljava/lang/Thread;I)V@hedc.MetaSearchRequest
6!<init>:()V@hedc.MetaSearchResult
11!<init>:()V@hedc.MetaSearchResult
16!<init>:()V@hedc.MetaSearchResult
21!<init>:()V@hedc.MetaSearchResult
1!access$000:(Lhedc/MetaSearchResult;)Z@hedc.MetaSearchResult
1!cancel:()V@hedc.MetaSearchResult
8!cancel:()V@hedc.MetaSearchResult
16!cancel:()V@hedc.MetaSearchResult
21!cancel:()V@hedc.MetaSearchResult
6!run:()V@hedc.MetaSearchResult
10!run:()V@hedc.MetaSearchResult
2!<init>:(Lhedc/MetaSearchResult;)V@hedc.MetaSearchResult$MetaSearchResultIterator
17!<init>:(Lhedc/MetaSearchResult;)V@hedc.MetaSearchResult$MetaSearchResultIterator
22!<init>:(Lhedc/MetaSearchResult;)V@hedc.MetaSearchResult$MetaSearchResultIterator
27!<init>:(Lhedc/MetaSearchResult;)V@hedc.MetaSearchResult$MetaSearchResultIterator
32!<init>:(Lhedc/MetaSearchResult;)V@hedc.MetaSearchResult$MetaSearchResultIterator
39!<init>:(Lhedc/MetaSearchResult;)V@hedc.MetaSearchResult$MetaSearchResultIterator
55!<init>:(Lhedc/MetaSearchResult;)V@hedc.MetaSearchResult$MetaSearchResultIterator
63!<init>:(Lhedc/MetaSearchResult;)V@hedc.MetaSearchResult$MetaSearchResultIterator
3!hasNext:()Z@hedc.MetaSearchResult$MetaSearchResultIterator
23!hasNext:()Z@hedc.MetaSearchResult$MetaSearchResultIterator
30!hasNext:()Z@hedc.MetaSearchResult$MetaSearchResultIterator
55!hasNext:()Z@hedc.MetaSearchResult$MetaSearchResultIterator
40!hasNext:()Z@hedc.MetaSearchResult$MetaSearchResultIterator
70!hasNext:()Z@hedc.MetaSearchResult$MetaSearchResultIterator
10!hasNext:()Z@hedc.MetaSearchResult$MetaSearchResultIterator
2!<clinit>:()V@hedc.PooledExecutorWithInvalidate
7!<init>:(LEDU/oswego/cs/dl/util/concurrent/Channel;I)V@hedc.PooledExecutorWithInvalidate
13!<init>:(LEDU/oswego/cs/dl/util/concurrent/Channel;I)V@hedc.PooledExecutorWithInvalidate
20!<init>:(LEDU/oswego/cs/dl/util/concurrent/Channel;I)V@hedc.PooledExecutorWithInvalidate
31!<init>:(LEDU/oswego/cs/dl/util/concurrent/Channel;I)V@hedc.PooledExecutorWithInvalidate
36!<init>:(LEDU/oswego/cs/dl/util/concurrent/Channel;I)V@hedc.PooledExecutorWithInvalidate
41!<init>:(LEDU/oswego/cs/dl/util/concurrent/Channel;I)V@hedc.PooledExecutorWithInvalidate
46!<init>:(LEDU/oswego/cs/dl/util/concurrent/Channel;I)V@hedc.PooledExecutorWithInvalidate
61!<init>:(LEDU/oswego/cs/dl/util/concurrent/Channel;I)V@hedc.PooledExecutorWithInvalidate
1!addThread:(Lhedc/Task;)V@hedc.PooledExecutorWithInvalidate
9!addThread:(Lhedc/Task;)V@hedc.PooledExecutorWithInvalidate
14!addThread:(Lhedc/Task;)V@hedc.PooledExecutorWithInvalidate
42!addThread:(Lhedc/Task;)V@hedc.PooledExecutorWithInvalidate
1!execute:(Lhedc/Task;)V@hedc.PooledExecutorWithInvalidate
27!execute:(Lhedc/Task;)V@hedc.PooledExecutorWithInvalidate
1!getBlockedExecutionHandler:()Lhedc/PooledExecutorWithInvalidate$BlockedExecutionHandler;@hedc.PooledExecutorWithInvalidate
1!getKeepAliveTime:()J@hedc.PooledExecutorWithInvalidate
1!getMaximumPoolSize:()I@hedc.PooledExecutorWithInvalidate
1!getMinimumPoolSize:()I@hedc.PooledExecutorWithInvalidate
1!getPoolSize:()I@hedc.PooledExecutorWithInvalidate
29!getTask:()Lhedc/Task;@hedc.PooledExecutorWithInvalidate
12!getTask:()Lhedc/Task;@hedc.PooledExecutorWithInvalidate
9!runWhenBlocked:()V@hedc.PooledExecutorWithInvalidate
2!setKeepAliveTime:(J)V@hedc.PooledExecutorWithInvalidate
1!workerDone:(Lhedc/PooledExecutorWithInvalidate$Worker;)V@hedc.PooledExecutorWithInvalidate
9!workerDone:(Lhedc/PooledExecutorWithInvalidate$Worker;)V@hedc.PooledExecutorWithInvalidate
14!workerDone:(Lhedc/PooledExecutorWithInvalidate$Worker;)V@hedc.PooledExecutorWithInvalidate
18!workerDone:(Lhedc/PooledExecutorWithInvalidate$Worker;)V@hedc.PooledExecutorWithInvalidate
2!<init>:(Lhedc/PooledExecutorWithInvalidate;)V@hedc.PooledExecutorWithInvalidate$BlockedExecutionHandler
2!<init>:(Lhedc/PooledExecutorWithInvalidate;)V@hedc.PooledExecutorWithInvalidate$RunWhenBlocked
2!<init>:(Lhedc/PooledExecutorWithInvalidate;Lhedc/Task;)V@hedc.PooledExecutorWithInvalidate$Worker
11!<init>:(Lhedc/PooledExecutorWithInvalidate;Lhedc/Task;)V@hedc.PooledExecutorWithInvalidate$Worker
1!run:()V@hedc.PooledExecutorWithInvalidate$Worker
18!run:()V@hedc.PooledExecutorWithInvalidate$Worker
25!run:()V@hedc.PooledExecutorWithInvalidate$Worker
35!run:()V@hedc.PooledExecutorWithInvalidate$Worker
47!run:()V@hedc.PooledExecutorWithInvalidate$Worker
75!run:()V@hedc.PooledExecutorWithInvalidate$Worker
7!<clinit>:()V@hedc.Rag
17!<clinit>:()V@hedc.Rag
27!<clinit>:()V@hedc.Rag
30!<clinit>:()V@hedc.Rag
38!<clinit>:()V@hedc.Rag
46!<clinit>:()V@hedc.Rag
6!<init>:()V@hedc.Rag
11!<init>:()V@hedc.Rag
0!access$000:()Lhedc/DateFormatter;@hedc.Rag
8!createResults_:()V@hedc.Rag
11!createResults_:()V@hedc.Rag
15!createResults_:()V@hedc.Rag
64!createResults_:()V@hedc.Rag
70!createResults_:()V@hedc.Rag
95!createResults_:()V@hedc.Rag
16!runImpl:()V@hedc.Rag
20!runImpl:()V@hedc.Rag
49!runImpl:()V@hedc.Rag
68!runImpl:()V@hedc.Rag
72!runImpl:()V@hedc.Rag
87!runImpl:()V@hedc.Rag
95!runImpl:()V@hedc.Rag
110!runImpl:()V@hedc.Rag
115!runImpl:()V@hedc.Rag
2!<init>:(Lhedc/Rag;)V@hedc.Rag$RagIterator
11!<init>:(Lhedc/Rag;)V@hedc.Rag$RagIterator
23!<init>:(Lhedc/Rag;)V@hedc.Rag$RagIterator
38!<init>:(Lhedc/Rag;)V@hedc.Rag$RagIterator
50!<init>:(Lhedc/Rag;)V@hedc.Rag$RagIterator
62!<init>:(Lhedc/Rag;)V@hedc.Rag$RagIterator
74!<init>:(Lhedc/Rag;)V@hedc.Rag$RagIterator
86!<init>:(Lhedc/Rag;)V@hedc.Rag$RagIterator
98!<init>:(Lhedc/Rag;)V@hedc.Rag$RagIterator
1!next:()Ljava/lang/Object;@hedc.Rag$RagIterator
10!next:()Ljava/lang/Object;@hedc.Rag$RagIterator
38!next:()Ljava/lang/Object;@hedc.Rag$RagIterator
54!next:()Ljava/lang/Object;@hedc.Rag$RagIterator
68!next:()Ljava/lang/Object;@hedc.Rag$RagIterator
98!next:()Ljava/lang/Object;@hedc.Rag$RagIterator
9!<clinit>:()V@hedc.RandomDate
6!<init>:(Ljava/lang/String;Ljava/lang/String;)V@hedc.RandomDate
11!<init>:(Ljava/lang/String;Ljava/lang/String;)V@hedc.RandomDate
16!<init>:(Ljava/lang/String;Ljava/lang/String;)V@hedc.RandomDate
45!<init>:(Ljava/lang/String;Ljava/lang/String;)V@hedc.RandomDate
58!<init>:(Ljava/lang/String;Ljava/lang/String;)V@hedc.RandomDate
62!<init>:(Ljava/lang/String;Ljava/lang/String;)V@hedc.RandomDate
66!<init>:(Ljava/lang/String;Ljava/lang/String;)V@hedc.RandomDate
89!<init>:(Ljava/lang/String;Ljava/lang/String;)V@hedc.RandomDate
12!format:(Ljava/util/Date;)Ljava/lang/String;@hedc.RandomDate
7!nextDate:()Ljava/util/Date;@hedc.RandomDate
12!parse:(Ljava/lang/String;)Ljava/util/Date;@hedc.RandomDate
7!<clinit>:()V@hedc.SohoSynoptic
17!<clinit>:()V@hedc.SohoSynoptic
27!<clinit>:()V@hedc.SohoSynoptic
37!<clinit>:()V@hedc.SohoSynoptic
47!<clinit>:()V@hedc.SohoSynoptic
57!<clinit>:()V@hedc.SohoSynoptic
60!<clinit>:()V@hedc.SohoSynoptic
68!<clinit>:()V@hedc.SohoSynoptic
76!<clinit>:()V@hedc.SohoSynoptic
87!<clinit>:()V@hedc.SohoSynoptic
98!<clinit>:()V@hedc.SohoSynoptic
109!<clinit>:()V@hedc.SohoSynoptic
120!<clinit>:()V@hedc.SohoSynoptic
131!<clinit>:()V@hedc.SohoSynoptic
142!<clinit>:()V@hedc.SohoSynoptic
153!<clinit>:()V@hedc.SohoSynoptic
164!<clinit>:()V@hedc.SohoSynoptic
175!<clinit>:()V@hedc.SohoSynoptic
186!<clinit>:()V@hedc.SohoSynoptic
197!<clinit>:()V@hedc.SohoSynoptic
208!<clinit>:()V@hedc.SohoSynoptic
219!<clinit>:()V@hedc.SohoSynoptic
230!<clinit>:()V@hedc.SohoSynoptic
241!<clinit>:()V@hedc.SohoSynoptic
252!<clinit>:()V@hedc.SohoSynoptic
263!<clinit>:()V@hedc.SohoSynoptic
274!<clinit>:()V@hedc.SohoSynoptic
285!<clinit>:()V@hedc.SohoSynoptic
296!<clinit>:()V@hedc.SohoSynoptic
307!<clinit>:()V@hedc.SohoSynoptic
318!<clinit>:()V@hedc.SohoSynoptic
329!<clinit>:()V@hedc.SohoSynoptic
340!<clinit>:()V@hedc.SohoSynoptic
351!<clinit>:()V@hedc.SohoSynoptic
362!<clinit>:()V@hedc.SohoSynoptic
373!<clinit>:()V@hedc.SohoSynoptic
384!<clinit>:()V@hedc.SohoSynoptic
395!<clinit>:()V@hedc.SohoSynoptic
406!<clinit>:()V@hedc.SohoSynoptic
417!<clinit>:()V@hedc.SohoSynoptic
428!<clinit>:()V@hedc.SohoSynoptic
439!<clinit>:()V@hedc.SohoSynoptic
450!<clinit>:()V@hedc.SohoSynoptic
461!<clinit>:()V@hedc.SohoSynoptic
472!<clinit>:()V@hedc.SohoSynoptic
483!<clinit>:()V@hedc.SohoSynoptic
494!<clinit>:()V@hedc.SohoSynoptic
505!<clinit>:()V@hedc.SohoSynoptic
516!<clinit>:()V@hedc.SohoSynoptic
527!<clinit>:()V@hedc.SohoSynoptic
538!<clinit>:()V@hedc.SohoSynoptic
549!<clinit>:()V@hedc.SohoSynoptic
560!<clinit>:()V@hedc.SohoSynoptic
571!<clinit>:()V@hedc.SohoSynoptic
582!<clinit>:()V@hedc.SohoSynoptic
593!<clinit>:()V@hedc.SohoSynoptic
604!<clinit>:()V@hedc.SohoSynoptic
615!<clinit>:()V@hedc.SohoSynoptic
626!<clinit>:()V@hedc.SohoSynoptic
637!<clinit>:()V@hedc.SohoSynoptic
648!<clinit>:()V@hedc.SohoSynoptic
659!<clinit>:()V@hedc.SohoSynoptic
670!<clinit>:()V@hedc.SohoSynoptic
681!<clinit>:()V@hedc.SohoSynoptic
692!<clinit>:()V@hedc.SohoSynoptic
703!<clinit>:()V@hedc.SohoSynoptic
714!<clinit>:()V@hedc.SohoSynoptic
725!<clinit>:()V@hedc.SohoSynoptic
736!<clinit>:()V@hedc.SohoSynoptic
747!<clinit>:()V@hedc.SohoSynoptic
758!<clinit>:()V@hedc.SohoSynoptic
769!<clinit>:()V@hedc.SohoSynoptic
780!<clinit>:()V@hedc.SohoSynoptic
791!<clinit>:()V@hedc.SohoSynoptic
802!<clinit>:()V@hedc.SohoSynoptic
813!<clinit>:()V@hedc.SohoSynoptic
824!<clinit>:()V@hedc.SohoSynoptic
835!<clinit>:()V@hedc.SohoSynoptic
846!<clinit>:()V@hedc.SohoSynoptic
857!<clinit>:()V@hedc.SohoSynoptic
868!<clinit>:()V@hedc.SohoSynoptic
879!<clinit>:()V@hedc.SohoSynoptic
890!<clinit>:()V@hedc.SohoSynoptic
901!<clinit>:()V@hedc.SohoSynoptic
912!<clinit>:()V@hedc.SohoSynoptic
923!<clinit>:()V@hedc.SohoSynoptic
934!<clinit>:()V@hedc.SohoSynoptic
945!<clinit>:()V@hedc.SohoSynoptic
956!<clinit>:()V@hedc.SohoSynoptic
967!<clinit>:()V@hedc.SohoSynoptic
978!<clinit>:()V@hedc.SohoSynoptic
989!<clinit>:()V@hedc.SohoSynoptic
1000!<clinit>:()V@hedc.SohoSynoptic
1011!<clinit>:()V@hedc.SohoSynoptic
1022!<clinit>:()V@hedc.SohoSynoptic
1033!<clinit>:()V@hedc.SohoSynoptic
1044!<clinit>:()V@hedc.SohoSynoptic
1056!<clinit>:()V@hedc.SohoSynoptic
1069!<clinit>:()V@hedc.SohoSynoptic
1082!<clinit>:()V@hedc.SohoSynoptic
1095!<clinit>:()V@hedc.SohoSynoptic
1108!<clinit>:()V@hedc.SohoSynoptic
1121!<clinit>:()V@hedc.SohoSynoptic
1134!<clinit>:()V@hedc.SohoSynoptic
1147!<clinit>:()V@hedc.SohoSynoptic
1160!<clinit>:()V@hedc.SohoSynoptic
1173!<clinit>:()V@hedc.SohoSynoptic
1186!<clinit>:()V@hedc.SohoSynoptic
1199!<clinit>:()V@hedc.SohoSynoptic
1212!<clinit>:()V@hedc.SohoSynoptic
1225!<clinit>:()V@hedc.SohoSynoptic
1238!<clinit>:()V@hedc.SohoSynoptic
1251!<clinit>:()V@hedc.SohoSynoptic
1264!<clinit>:()V@hedc.SohoSynoptic
1277!<clinit>:()V@hedc.SohoSynoptic
1290!<clinit>:()V@hedc.SohoSynoptic
1303!<clinit>:()V@hedc.SohoSynoptic
1316!<clinit>:()V@hedc.SohoSynoptic
1329!<clinit>:()V@hedc.SohoSynoptic
1342!<clinit>:()V@hedc.SohoSynoptic
1355!<clinit>:()V@hedc.SohoSynoptic
6!<init>:()V@hedc.SohoSynoptic
11!<init>:()V@hedc.SohoSynoptic
16!<init>:()V@hedc.SohoSynoptic
8!createResults_:()V@hedc.SohoSynoptic
21!createResults_:()V@hedc.SohoSynoptic
26!createResults_:()V@hedc.SohoSynoptic
47!createResults_:()V@hedc.SohoSynoptic
58!createResults_:()V@hedc.SohoSynoptic
19!determineAttributes_:(Ljava/util/Hashtable;Ljava/lang/String;)V@hedc.SohoSynoptic
79!determineAttributes_:(Ljava/util/Hashtable;Ljava/lang/String;)V@hedc.SohoSynoptic
139!determineAttributes_:(Ljava/util/Hashtable;Ljava/lang/String;)V@hedc.SohoSynoptic
249!determineAttributes_:(Ljava/util/Hashtable;Ljava/lang/String;)V@hedc.SohoSynoptic
311!determineAttributes_:(Ljava/util/Hashtable;Ljava/lang/String;)V@hedc.SohoSynoptic
4!runImpl:()V@hedc.SohoSynoptic
23!runImpl:()V@hedc.SohoSynoptic
27!runImpl:()V@hedc.SohoSynoptic
44!runImpl:()V@hedc.SohoSynoptic
52!runImpl:()V@hedc.SohoSynoptic
59!runImpl:()V@hedc.SohoSynoptic
75!runImpl:()V@hedc.SohoSynoptic
93!runImpl:()V@hedc.SohoSynoptic
112!runImpl:()V@hedc.SohoSynoptic
116!runImpl:()V@hedc.SohoSynoptic
131!runImpl:()V@hedc.SohoSynoptic
139!runImpl:()V@hedc.SohoSynoptic
154!runImpl:()V@hedc.SohoSynoptic
159!runImpl:()V@hedc.SohoSynoptic
2!<init>:(Lhedc/SohoSynoptic;)V@hedc.SohoSynoptic$SohoIterator
11!<init>:(Lhedc/SohoSynoptic;)V@hedc.SohoSynoptic$SohoIterator
23!<init>:(Lhedc/SohoSynoptic;)V@hedc.SohoSynoptic$SohoIterator
1!next:()Ljava/lang/Object;@hedc.SohoSynoptic$SohoIterator
8!next:()Ljava/lang/Object;@hedc.SohoSynoptic$SohoIterator
21!next:()Ljava/lang/Object;@hedc.SohoSynoptic$SohoIterator
32!next:()Ljava/lang/Object;@hedc.SohoSynoptic$SohoIterator
51!next:()Ljava/lang/Object;@hedc.SohoSynoptic$SohoIterator
6!<init>:()V@hedc.Task
11!<init>:()V@hedc.Task
21!run:()V@hedc.Task
1!setThread:(Ljava/lang/Thread;)V@hedc.Task
19!setThread:(Ljava/lang/Thread;)V@hedc.Task
8!setThread:(Ljava/lang/Thread;)V@hedc.Task
8!<clinit>:()V@hedc.TaskFactory
13!<clinit>:()V@hedc.TaskFactory
14!<clinit>:()V@hedc.TaskFactory
30!<clinit>:()V@hedc.TaskFactory
40!<clinit>:()V@hedc.TaskFactory
41!<clinit>:()V@hedc.TaskFactory
14!makeTasks:(Ljava/util/Hashtable;Ljava/util/Date;Lhedc/MetaSearchRequest;)Ljava/util/List;@hedc.TaskFactory
22!makeTasks:(Ljava/util/Hashtable;Ljava/util/Date;Lhedc/MetaSearchRequest;)Ljava/util/List;@hedc.TaskFactory
27!makeTasks:(Ljava/util/Hashtable;Ljava/util/Date;Lhedc/MetaSearchRequest;)Ljava/util/List;@hedc.TaskFactory
46!makeTasks:(Ljava/util/Hashtable;Ljava/util/Date;Lhedc/MetaSearchRequest;)Ljava/util/List;@hedc.TaskFactory
51!makeTasks:(Ljava/util/Hashtable;Ljava/util/Date;Lhedc/MetaSearchRequest;)Ljava/util/List;@hedc.TaskFactory
60!makeTasks:(Ljava/util/Hashtable;Ljava/util/Date;Lhedc/MetaSearchRequest;)Ljava/util/List;@hedc.TaskFactory
66!makeTasks:(Ljava/util/Hashtable;Ljava/util/Date;Lhedc/MetaSearchRequest;)Ljava/util/List;@hedc.TaskFactory
1!<clinit>:()V@hedc.Tester
5!<clinit>:()V@hedc.Tester
24!<clinit>:()V@hedc.Tester
34!<clinit>:()V@hedc.Tester
44!<clinit>:()V@hedc.Tester
54!<clinit>:()V@hedc.Tester
64!<clinit>:()V@hedc.Tester
75!<clinit>:()V@hedc.Tester
86!<clinit>:()V@hedc.Tester
97!<clinit>:()V@hedc.Tester
108!<clinit>:()V@hedc.Tester
119!<clinit>:()V@hedc.Tester
6!<init>:(Ljava/lang/String;II)V@hedc.Tester
11!<init>:(Ljava/lang/String;II)V@hedc.Tester
16!<init>:(Ljava/lang/String;II)V@hedc.Tester
43!<init>:(Ljava/lang/String;II)V@hedc.Tester
48!<init>:(Ljava/lang/String;II)V@hedc.Tester
53!<init>:(Ljava/lang/String;II)V@hedc.Tester
58!<init>:(Ljava/lang/String;II)V@hedc.Tester
3!main:([Ljava/lang/String;)V@hedc.Tester
10!main:([Ljava/lang/String;)V@hedc.Tester
13!main:([Ljava/lang/String;)V@hedc.Tester
19!main:([Ljava/lang/String;)V@hedc.Tester
22!main:([Ljava/lang/String;)V@hedc.Tester
45!main:([Ljava/lang/String;)V@hedc.Tester
133!main:([Ljava/lang/String;)V@hedc.Tester
164!main:([Ljava/lang/String;)V@hedc.Tester
142!main:([Ljava/lang/String;)V@hedc.Tester
87!main:([Ljava/lang/String;)V@hedc.Tester
90!main:([Ljava/lang/String;)V@hedc.Tester
99!main:([Ljava/lang/String;)V@hedc.Tester
103!main:([Ljava/lang/String;)V@hedc.Tester
4!run:()V@hedc.Tester
11!run:()V@hedc.Tester
231!run:()V@hedc.Tester
18!run:()V@hedc.Tester
41!run:()V@hedc.Tester
51!run:()V@hedc.Tester
61!run:()V@hedc.Tester
71!run:()V@hedc.Tester
81!run:()V@hedc.Tester
91!run:()V@hedc.Tester
106!run:()V@hedc.Tester
119!run:()V@hedc.Tester
167!run:()V@hedc.Tester
217!run:()V@hedc.Tester
222!run:()V@hedc.Tester
203!run:()V@hedc.Tester
208!run:()V@hedc.Tester
154!run:()V@hedc.Tester
159!run:()V@hedc.Tester
7!<init>:(Ljava/util/Properties;)V@hedc.ethz.util.BaseProperties
13!load:(Ljava/lang/String;)V@hedc.ethz.util.BaseProperties
1!<clinit>:()V@hedc.ethz.util.EtcUtil
1!<clinit>:()V@hedc.ethz.util.Generator
5!<clinit>:()V@hedc.ethz.util.Generator
15!<clinit>:()V@hedc.ethz.util.Generator
25!<clinit>:()V@hedc.ethz.util.Generator
39!<clinit>:()V@hedc.ethz.util.Generator
50!<clinit>:()V@hedc.ethz.util.Generator
37!generate:(Ljava/io/Writer;Ljava/util/Hashtable;[C)J@hedc.ethz.util.Generator
75!generate:(Ljava/io/Writer;Ljava/util/Hashtable;[C)J@hedc.ethz.util.Generator
174!generate:(Ljava/io/Writer;Ljava/util/Hashtable;[C)J@hedc.ethz.util.Generator
114!generate:(Ljava/io/Writer;Ljava/util/Hashtable;[C)J@hedc.ethz.util.Generator
86!generate:(Ljava/io/Writer;Ljava/util/Hashtable;[C)J@hedc.ethz.util.Generator
52!generate:(Ljava/io/Writer;Ljava/util/Hashtable;[C)J@hedc.ethz.util.Generator
53!generate:(Ljava/io/Writer;Ljava/util/Hashtable;[C)J@hedc.ethz.util.Generator
48!generateThroughBuffer:(Ljava/lang/String;Ljava/io/Writer;Ljava/util/Hashtable;)J@hedc.ethz.util.Generator
91!generateThroughBuffer:(Ljava/lang/String;Ljava/io/Writer;Ljava/util/Hashtable;)J@hedc.ethz.util.Generator
190!generateThroughBuffer:(Ljava/lang/String;Ljava/io/Writer;Ljava/util/Hashtable;)J@hedc.ethz.util.Generator
130!generateThroughBuffer:(Ljava/lang/String;Ljava/io/Writer;Ljava/util/Hashtable;)J@hedc.ethz.util.Generator
102!generateThroughBuffer:(Ljava/lang/String;Ljava/io/Writer;Ljava/util/Hashtable;)J@hedc.ethz.util.Generator
65!generateThroughBuffer:(Ljava/lang/String;Ljava/io/Writer;Ljava/util/Hashtable;)J@hedc.ethz.util.Generator
66!generateThroughBuffer:(Ljava/lang/String;Ljava/io/Writer;Ljava/util/Hashtable;)J@hedc.ethz.util.Generator
2!getBuffer_:()[C@hedc.ethz.util.Generator
12!getBuffer_:()[C@hedc.ethz.util.Generator
21!getBuffer_:()[C@hedc.ethz.util.Generator
35!getBuffer_:()[C@hedc.ethz.util.Generator
2!getBuffer_:(Ljava/lang/String;)[C@hedc.ethz.util.Generator
8!getBuffer_:(Ljava/lang/String;)[C@hedc.ethz.util.Generator
14!getBuffer_:(Ljava/lang/String;)[C@hedc.ethz.util.Generator
0!putBuffer_:(Ljava/lang/String;[C)V@hedc.ethz.util.Generator
6!putBuffer_:(Ljava/lang/String;[C)V@hedc.ethz.util.Generator
12!putBuffer_:(Ljava/lang/String;[C)V@hedc.ethz.util.Generator
18!putBuffer_:(Ljava/lang/String;[C)V@hedc.ethz.util.Generator
24!putBuffer_:(Ljava/lang/String;[C)V@hedc.ethz.util.Generator
27!putBuffer_:(Ljava/lang/String;[C)V@hedc.ethz.util.Generator
37!putBuffer_:(Ljava/lang/String;[C)V@hedc.ethz.util.Generator
0!putBuffer_:([C)V@hedc.ethz.util.Generator
6!putBuffer_:([C)V@hedc.ethz.util.Generator
12!putBuffer_:([C)V@hedc.ethz.util.Generator
18!putBuffer_:([C)V@hedc.ethz.util.Generator
24!putBuffer_:([C)V@hedc.ethz.util.Generator
7!<clinit>:()V@hedc.ethz.util.Messages
10!<clinit>:()V@hedc.ethz.util.Messages
19!<clinit>:()V@hedc.ethz.util.Messages
23!<clinit>:()V@hedc.ethz.util.Messages
26!<clinit>:()V@hedc.ethz.util.Messages
29!<clinit>:()V@hedc.ethz.util.Messages
0!dlevel:()I@hedc.ethz.util.Messages
6!dlevel:()I@hedc.ethz.util.Messages
14!dlevel:()I@hedc.ethz.util.Messages
16!output_:(Ljava/lang/String;Ljava/lang/String;)V@hedc.ethz.util.Messages
33!output_:(Ljava/lang/String;Ljava/lang/String;)V@hedc.ethz.util.Messages
0!wlevel:()I@hedc.ethz.util.Messages
6!wlevel:()I@hedc.ethz.util.Messages
14!wlevel:()I@hedc.ethz.util.Messages
10!<init>:(Ljava/util/Properties;)V@hedc.ethz.util.ObservableProperties
15!<init>:(Ljava/util/Properties;)V@hedc.ethz.util.ObservableProperties
1!<clinit>:()V@hedc.ethz.util.SystemProperties
5!<clinit>:()V@hedc.ethz.util.SystemProperties
0!getUniqueInstance:()Lhedc/ethz/util/SystemProperties;@hedc.ethz.util.SystemProperties
6!getUniqueInstance:()Lhedc/ethz/util/SystemProperties;@hedc.ethz.util.SystemProperties
27!getUniqueInstance:()Lhedc/ethz/util/SystemProperties;@hedc.ethz.util.SystemProperties
30!getUniqueInstance:()Lhedc/ethz/util/SystemProperties;@hedc.ethz.util.SystemProperties
33!getUniqueInstance:()Lhedc/ethz/util/SystemProperties;@hedc.ethz.util.SystemProperties
39!getUniqueInstance:()Lhedc/ethz/util/SystemProperties;@hedc.ethz.util.SystemProperties
62!getUniqueInstance:()Lhedc/ethz/util/SystemProperties;@hedc.ethz.util.SystemProperties
5!setSource:(Ljava/lang/String;)V@hedc.ethz.util.SystemProperties
29!setSource:(Ljava/lang/String;)V@hedc.ethz.util.SystemProperties
32!setSource:(Ljava/lang/String;)V@hedc.ethz.util.SystemProperties
46!setSource:(Ljava/lang/String;)V@hedc.ethz.util.SystemProperties
14!<init>:(Lhedc/regexp/Regexp;)V@hedc.regexp.Alternatives
1!addAlt:(Lhedc/regexp/Regexp;)V@hedc.regexp.Alternatives
1!advance:(Lhedc/regexp/State;)Lhedc/regexp/Regexp;@hedc.regexp.Alternatives
6!advance:(Lhedc/regexp/State;)Lhedc/regexp/Regexp;@hedc.regexp.Alternatives
23!advance:(Lhedc/regexp/State;)Lhedc/regexp/Regexp;@hedc.regexp.Alternatives
51!advance:(Lhedc/regexp/State;)Lhedc/regexp/Regexp;@hedc.regexp.Alternatives
45!advance:(Lhedc/regexp/State;)Lhedc/regexp/Regexp;@hedc.regexp.Alternatives
1!firstCharacter:()I@hedc.regexp.Alternatives
18!firstCharacter:()I@hedc.regexp.Alternatives
9!toStringThis:()Ljava/lang/String;@hedc.regexp.Alternatives
25!toStringThis:()Ljava/lang/String;@hedc.regexp.Alternatives
8!<init>:([CII)V@hedc.regexp.CharArrayState
6!getGroupString:(I)Ljava/lang/String;@hedc.regexp.CharArrayState
10!getGroupString:(I)Ljava/lang/String;@hedc.regexp.CharArrayState
14!getGroupString:(I)Ljava/lang/String;@hedc.regexp.CharArrayState
18!getGroupString:(I)Ljava/lang/String;@hedc.regexp.CharArrayState
22!getGroupString:(I)Ljava/lang/String;@hedc.regexp.CharArrayState
24!getGroupString:(I)Ljava/lang/String;@hedc.regexp.CharArrayState
28!getGroupString:(I)Ljava/lang/String;@hedc.regexp.CharArrayState
1!getchar:()I@hedc.regexp.CharArrayState
5!getchar:()I@hedc.regexp.CharArrayState
49!getchar:()I@hedc.regexp.CharArrayState
53!getchar:()I@hedc.regexp.CharArrayState
56!getchar:()I@hedc.regexp.CharArrayState
23!getchar:()I@hedc.regexp.CharArrayState
35!getchar:()I@hedc.regexp.CharArrayState
2!getchar:(I)I@hedc.regexp.CharArrayState
43!getchar:(I)I@hedc.regexp.CharArrayState
47!getchar:(I)I@hedc.regexp.CharArrayState
29!getchar:(I)I@hedc.regexp.CharArrayState
1!indexOf:(II)I@hedc.regexp.CharArrayState
6!indexOf:(II)I@hedc.regexp.CharArrayState
19!indexOf:(II)I@hedc.regexp.CharArrayState
10!<clinit>:()V@hedc.regexp.CharClass
23!<clinit>:()V@hedc.regexp.CharClass
36!<clinit>:()V@hedc.regexp.CharClass
7!<init>:(Lhedc/regexp/CharClass;)V@hedc.regexp.CharClass
12!<init>:(Lhedc/regexp/CharClass;)V@hedc.regexp.CharClass
15!<init>:(Lhedc/regexp/CharClass;)V@hedc.regexp.CharClass
20!<init>:(Lhedc/regexp/CharClass;)V@hedc.regexp.CharClass
23!<init>:(Lhedc/regexp/CharClass;)V@hedc.regexp.CharClass
7!<init>:(Lhedc/regexp/Regexp;Ljava/lang/String;)V@hedc.regexp.CharClass
15!<init>:(Lhedc/regexp/Regexp;Ljava/lang/String;)V@hedc.regexp.CharClass
1!addChar:(I)V@hedc.regexp.CharClass
8!addChar:(I)V@hedc.regexp.CharClass
16!addChar:(I)V@hedc.regexp.CharClass
11!advance:(Lhedc/regexp/State;)Lhedc/regexp/Regexp;@hedc.regexp.CharClass
19!advance:(Lhedc/regexp/State;)Lhedc/regexp/Regexp;@hedc.regexp.CharClass
24!advance:(Lhedc/regexp/State;)Lhedc/regexp/Regexp;@hedc.regexp.CharClass
28!advance:(Lhedc/regexp/State;)Lhedc/regexp/Regexp;@hedc.regexp.CharClass
1!charInClass:(I)Z@hedc.regexp.CharClass
7!charInClass:(I)Z@hedc.regexp.CharClass
67!cloneCharClass:(Lhedc/regexp/Regexp;I)Lhedc/regexp/CharClass;@hedc.regexp.CharClass
60!cloneCharClass:(Lhedc/regexp/Regexp;I)Lhedc/regexp/CharClass;@hedc.regexp.CharClass
74!cloneCharClass:(Lhedc/regexp/Regexp;I)Lhedc/regexp/CharClass;@hedc.regexp.CharClass
110!cloneCharClass:(Lhedc/regexp/Regexp;I)Lhedc/regexp/CharClass;@hedc.regexp.CharClass
115!cloneCharClass:(Lhedc/regexp/Regexp;I)Lhedc/regexp/CharClass;@hedc.regexp.CharClass
124!cloneCharClass:(Lhedc/regexp/Regexp;I)Lhedc/regexp/CharClass;@hedc.regexp.CharClass
4!merge:(Lhedc/regexp/CharClass;Z)V@hedc.regexp.CharClass
12!merge:(Lhedc/regexp/CharClass;Z)V@hedc.regexp.CharClass
16!merge:(Lhedc/regexp/CharClass;Z)V@hedc.regexp.CharClass
30!merge:(Lhedc/regexp/CharClass;Z)V@hedc.regexp.CharClass
35!merge:(Lhedc/regexp/CharClass;Z)V@hedc.regexp.CharClass
39!merge:(Lhedc/regexp/CharClass;Z)V@hedc.regexp.CharClass
24!process:(Ljava/lang/String;)V@hedc.regexp.CharClass
177!process:(Ljava/lang/String;)V@hedc.regexp.CharClass
199!process:(Ljava/lang/String;)V@hedc.regexp.CharClass
221!process:(Ljava/lang/String;)V@hedc.regexp.CharClass
11!toStringThis:()Ljava/lang/String;@hedc.regexp.CharClass
6!<init>:(Ljava/lang/String;Z)V@hedc.regexp.CompilerState
11!<init>:(Ljava/lang/String;Z)V@hedc.regexp.CompilerState
16!<init>:(Ljava/lang/String;Z)V@hedc.regexp.CompilerState
21!<init>:(Ljava/lang/String;Z)V@hedc.regexp.CompilerState
29!<init>:(Ljava/lang/String;Z)V@hedc.regexp.CompilerState
1!atEop:()Z@hedc.regexp.CompilerState
5!atEop:()Z@hedc.regexp.CompilerState
1!currentChar:()I@hedc.regexp.CompilerState
10!currentChar:()I@hedc.regexp.CompilerState
14!currentChar:()I@hedc.regexp.CompilerState
1!nextChar:()I@hedc.regexp.CompilerState
5!nextChar:()I@hedc.regexp.CompilerState
32!nextChar:()I@hedc.regexp.CompilerState
12!nextChar:()I@hedc.regexp.CompilerState
17!nextChar:()I@hedc.regexp.CompilerState
23!nextChar:()I@hedc.regexp.CompilerState
2!nextGroup:()I@hedc.regexp.CompilerState
8!nextGroup:()I@hedc.regexp.CompilerState
1!substring:(I)Ljava/lang/String;@hedc.regexp.CompilerState
6!substring:(I)Ljava/lang/String;@hedc.regexp.CompilerState
1!toString:()Ljava/lang/String;@hedc.regexp.CompilerState
13!toString:()Ljava/lang/String;@hedc.regexp.CompilerState
17!toString:()Ljava/lang/String;@hedc.regexp.CompilerState
6!<clinit>:()V@hedc.regexp.ContextMatch
7!<init>:(Lhedc/regexp/Regexp;I)V@hedc.regexp.ContextMatch
1!advance:(Lhedc/regexp/State;)Lhedc/regexp/Regexp;@hedc.regexp.ContextMatch
7!advance:(Lhedc/regexp/State;)Lhedc/regexp/Regexp;@hedc.regexp.ContextMatch
102!advance:(Lhedc/regexp/State;)Lhedc/regexp/Regexp;@hedc.regexp.ContextMatch
132!advance:(Lhedc/regexp/State;)Lhedc/regexp/Regexp;@hedc.regexp.ContextMatch
152!advance:(Lhedc/regexp/State;)Lhedc/regexp/Regexp;@hedc.regexp.ContextMatch
183!advance:(Lhedc/regexp/State;)Lhedc/regexp/Regexp;@hedc.regexp.ContextMatch
1!firstCharacter:()I@hedc.regexp.ContextMatch
10!firstCharacter:()I@hedc.regexp.ContextMatch
17!toStringThis:()Ljava/lang/String;@hedc.regexp.ContextMatch
32!toStringThis:()Ljava/lang/String;@hedc.regexp.ContextMatch
41!toStringThis:()Ljava/lang/String;@hedc.regexp.ContextMatch
11!advance:(Lhedc/regexp/State;)Lhedc/regexp/Regexp;@hedc.regexp.Dot
16!advance:(Lhedc/regexp/State;)Lhedc/regexp/Regexp;@hedc.regexp.Dot
20!advance:(Lhedc/regexp/State;)Lhedc/regexp/Regexp;@hedc.regexp.Dot
7!<init>:(Lhedc/regexp/Regexp;II)V@hedc.regexp.Group
12!<init>:(Lhedc/regexp/Regexp;II)V@hedc.regexp.Group
1!advance:(Lhedc/regexp/State;)Lhedc/regexp/Regexp;@hedc.regexp.Group
22!advance:(Lhedc/regexp/State;)Lhedc/regexp/Regexp;@hedc.regexp.Group
11!advance:(Lhedc/regexp/State;)Lhedc/regexp/Regexp;@hedc.regexp.Group
29!advance:(Lhedc/regexp/State;)Lhedc/regexp/Regexp;@hedc.regexp.Group
2!backup:(Lhedc/regexp/State;)V@hedc.regexp.Group
1!firstCharacter:()I@hedc.regexp.Group
8!firstCharacter:()I@hedc.regexp.Group
13!toStringThis:()Ljava/lang/String;@hedc.regexp.Group
7!<init>:(Lhedc/regexp/Regexp;I)V@hedc.regexp.GroupReference
2!advance:(Lhedc/regexp/State;)Lhedc/regexp/Regexp;@hedc.regexp.GroupReference
31!advance:(Lhedc/regexp/State;)Lhedc/regexp/Regexp;@hedc.regexp.GroupReference
72!advance:(Lhedc/regexp/State;)Lhedc/regexp/Regexp;@hedc.regexp.GroupReference
76!advance:(Lhedc/regexp/State;)Lhedc/regexp/Regexp;@hedc.regexp.GroupReference
2!backup:(Lhedc/regexp/State;)V@hedc.regexp.GroupReference
11!backup:(Lhedc/regexp/State;)V@hedc.regexp.GroupReference
16!backup:(Lhedc/regexp/State;)V@hedc.regexp.GroupReference
19!toStringThis:()Ljava/lang/String;@hedc.regexp.GroupReference
5!<clinit>:()V@hedc.regexp.Literal
39!<clinit>:()V@hedc.regexp.Literal
48!<clinit>:()V@hedc.regexp.Literal
17!<clinit>:()V@hedc.regexp.Literal
23!<clinit>:()V@hedc.regexp.Literal
9!<init>:(Lhedc/regexp/Regexp;IZ)V@hedc.regexp.Literal
14!<init>:(Lhedc/regexp/Regexp;IZ)V@hedc.regexp.Literal
19!<init>:(Lhedc/regexp/Regexp;IZ)V@hedc.regexp.Literal
1!advance:(Lhedc/regexp/State;)Lhedc/regexp/Regexp;@hedc.regexp.Literal
6!advance:(Lhedc/regexp/State;)Lhedc/regexp/Regexp;@hedc.regexp.Literal
24!advance:(Lhedc/regexp/State;)Lhedc/regexp/Regexp;@hedc.regexp.Literal
76!advance:(Lhedc/regexp/State;)Lhedc/regexp/Regexp;@hedc.regexp.Literal
84!advance:(Lhedc/regexp/State;)Lhedc/regexp/Regexp;@hedc.regexp.Literal
100!advance:(Lhedc/regexp/State;)Lhedc/regexp/Regexp;@hedc.regexp.Literal
104!advance:(Lhedc/regexp/State;)Lhedc/regexp/Regexp;@hedc.regexp.Literal
37!advance:(Lhedc/regexp/State;)Lhedc/regexp/Regexp;@hedc.regexp.Literal
41!advance:(Lhedc/regexp/State;)Lhedc/regexp/Regexp;@hedc.regexp.Literal
49!advance:(Lhedc/regexp/State;)Lhedc/regexp/Regexp;@hedc.regexp.Literal
50!advance:(Lhedc/regexp/State;)Lhedc/regexp/Regexp;@hedc.regexp.Literal
51!advance:(Lhedc/regexp/State;)Lhedc/regexp/Regexp;@hedc.regexp.Literal
62!advance:(Lhedc/regexp/State;)Lhedc/regexp/Regexp;@hedc.regexp.Literal
1!appendChar:(I)V@hedc.regexp.Literal
5!appendChar:(I)V@hedc.regexp.Literal
13!appendChar:(I)V@hedc.regexp.Literal
24!appendChar:(I)V@hedc.regexp.Literal
31!appendChar:(I)V@hedc.regexp.Literal
40!appendChar:(I)V@hedc.regexp.Literal
44!appendChar:(I)V@hedc.regexp.Literal
49!appendChar:(I)V@hedc.regexp.Literal
55!appendChar:(I)V@hedc.regexp.Literal
60!appendChar:(I)V@hedc.regexp.Literal
1!firstCharacter:()I@hedc.regexp.Literal
10!firstCharacter:()I@hedc.regexp.Literal
14!firstCharacter:()I@hedc.regexp.Literal
1!makeMulti:(I)Lhedc/regexp/Regexp;@hedc.regexp.Literal
24!makeMulti:(I)Lhedc/regexp/Regexp;@hedc.regexp.Literal
29!makeMulti:(I)Lhedc/regexp/Regexp;@hedc.regexp.Literal
43!makeMulti:(I)Lhedc/regexp/Regexp;@hedc.regexp.Literal
47!makeMulti:(I)Lhedc/regexp/Regexp;@hedc.regexp.Literal
50!makeMulti:(I)Lhedc/regexp/Regexp;@hedc.regexp.Literal
52!makeMulti:(I)Lhedc/regexp/Regexp;@hedc.regexp.Literal
13!makeMulti:(I)Lhedc/regexp/Regexp;@hedc.regexp.Literal
5!toStringThis:()Ljava/lang/String;@hedc.regexp.Literal
10!toStringThis:()Ljava/lang/String;@hedc.regexp.Literal
7!<init>:(Lhedc/regexp/Regexp;Lhedc/regexp/Regexp;I)V@hedc.regexp.Multi
11!<init>:(Lhedc/regexp/Regexp;Lhedc/regexp/Regexp;I)V@hedc.regexp.Multi
14!<init>:(Lhedc/regexp/Regexp;Lhedc/regexp/Regexp;I)V@hedc.regexp.Multi
19!<init>:(Lhedc/regexp/Regexp;Lhedc/regexp/Regexp;I)V@hedc.regexp.Multi
3!advance:(Lhedc/regexp/State;)Lhedc/regexp/Regexp;@hedc.regexp.Multi
8!advance:(Lhedc/regexp/State;)Lhedc/regexp/Regexp;@hedc.regexp.Multi
77!advance:(Lhedc/regexp/State;)Lhedc/regexp/Regexp;@hedc.regexp.Multi
45!advance:(Lhedc/regexp/State;)Lhedc/regexp/Regexp;@hedc.regexp.Multi
62!advance:(Lhedc/regexp/State;)Lhedc/regexp/Regexp;@hedc.regexp.Multi
86!advance:(Lhedc/regexp/State;)Lhedc/regexp/Regexp;@hedc.regexp.Multi
120!advance:(Lhedc/regexp/State;)Lhedc/regexp/Regexp;@hedc.regexp.Multi
129!advance:(Lhedc/regexp/State;)Lhedc/regexp/Regexp;@hedc.regexp.Multi
94!advance:(Lhedc/regexp/State;)Lhedc/regexp/Regexp;@hedc.regexp.Multi
109!advance:(Lhedc/regexp/State;)Lhedc/regexp/Regexp;@hedc.regexp.Multi
104!advance:(Lhedc/regexp/State;)Lhedc/regexp/Regexp;@hedc.regexp.Multi
8!toStringThis:()Ljava/lang/String;@hedc.regexp.Multi
22!toStringThis:()Ljava/lang/String;@hedc.regexp.Multi
8!<clinit>:()V@hedc.regexp.Regexp
6!<init>:(Lhedc/regexp/Regexp;)V@hedc.regexp.Regexp
15!<init>:(Lhedc/regexp/Regexp;)V@hedc.regexp.Regexp
1!advance:(Lhedc/regexp/State;)Lhedc/regexp/Regexp;@hedc.regexp.Regexp
2!backup:(Lhedc/regexp/State;)V@hedc.regexp.Regexp
7!backup:(Lhedc/regexp/State;)V@hedc.regexp.Regexp
5!makeMulti:(I)Lhedc/regexp/Regexp;@hedc.regexp.Regexp
3!match:(Lhedc/regexp/State;)Z@hedc.regexp.Regexp
19!match:(Lhedc/regexp/State;)Z@hedc.regexp.Regexp
45!match:(Lhedc/regexp/State;)Z@hedc.regexp.Regexp
66!searchForward:(Lhedc/regexp/State;)Lhedc/regexp/Result;@hedc.regexp.Regexp
92!searchForward:(Lhedc/regexp/State;)Lhedc/regexp/Result;@hedc.regexp.Regexp
97!searchForward:(Lhedc/regexp/State;)Lhedc/regexp/Result;@hedc.regexp.Regexp
13!searchForward:(Lhedc/regexp/State;)Lhedc/regexp/Result;@hedc.regexp.Regexp
27!searchForward:(Lhedc/regexp/State;)Lhedc/regexp/Result;@hedc.regexp.Regexp
51!searchForward:(Lhedc/regexp/State;)Lhedc/regexp/Result;@hedc.regexp.Regexp
1!toString:()Ljava/lang/String;@hedc.regexp.Regexp
8!toString:()Ljava/lang/String;@hedc.regexp.Regexp
11!toString:()Ljava/lang/String;@hedc.regexp.Regexp
32!toString:()Ljava/lang/String;@hedc.regexp.Regexp
1!toStringThis:()Ljava/lang/String;@hedc.regexp.Regexp
29!compile:(Ljava/lang/String;Z)Lhedc/regexp/Regexp;@hedc.regexp.RegexpCompiler
32!compile:(Ljava/lang/String;Z)Lhedc/regexp/Regexp;@hedc.regexp.RegexpCompiler
36!compile:(Ljava/lang/String;Z)Lhedc/regexp/Regexp;@hedc.regexp.RegexpCompiler
320!compileAlternative:(Lhedc/regexp/CompilerState;Lhedc/regexp/Regexp;)Lhedc/regexp/Regexp;@hedc.regexp.RegexpCompiler
717!compileAlternative:(Lhedc/regexp/CompilerState;Lhedc/regexp/Regexp;)Lhedc/regexp/Regexp;@hedc.regexp.RegexpCompiler
207!compileAlternative:(Lhedc/regexp/CompilerState;Lhedc/regexp/Regexp;)Lhedc/regexp/Regexp;@hedc.regexp.RegexpCompiler
137!compileAlternative:(Lhedc/regexp/CompilerState;Lhedc/regexp/Regexp;)Lhedc/regexp/Regexp;@hedc.regexp.RegexpCompiler
823!compileAlternative:(Lhedc/regexp/CompilerState;Lhedc/regexp/Regexp;)Lhedc/regexp/Regexp;@hedc.regexp.RegexpCompiler
827!compileAlternative:(Lhedc/regexp/CompilerState;Lhedc/regexp/Regexp;)Lhedc/regexp/Regexp;@hedc.regexp.RegexpCompiler
811!compileAlternative:(Lhedc/regexp/CompilerState;Lhedc/regexp/Regexp;)Lhedc/regexp/Regexp;@hedc.regexp.RegexpCompiler
838!compileAlternative:(Lhedc/regexp/CompilerState;Lhedc/regexp/Regexp;)Lhedc/regexp/Regexp;@hedc.regexp.RegexpCompiler
882!compileAlternative:(Lhedc/regexp/CompilerState;Lhedc/regexp/Regexp;)Lhedc/regexp/Regexp;@hedc.regexp.RegexpCompiler
6!<init>:(Lhedc/regexp/State;)V@hedc.regexp.Result
1!getMatch:(I)Ljava/lang/String;@hedc.regexp.Result
1!getMatchEnd:(I)I@hedc.regexp.Result
1!getMatchStart:(I)I@hedc.regexp.Result
6!<init>:(II)V@hedc.regexp.State
11!<init>:(II)V@hedc.regexp.State
1!charsLeft:()I@hedc.regexp.State
5!charsLeft:()I@hedc.regexp.State
6!clearGroup:(I)V@hedc.regexp.State
11!clearGroup:(I)V@hedc.regexp.State
17!clearGroup:(I)V@hedc.regexp.State
18!clearGroup:(I)V@hedc.regexp.State
6!endGroup:(I)V@hedc.regexp.State
11!endGroup:(I)V@hedc.regexp.State
16!endGroup:(I)V@hedc.regexp.State
1!ensureGroup:(I)V@hedc.regexp.State
9!ensureGroup:(I)V@hedc.regexp.State
23!ensureGroup:(I)V@hedc.regexp.State
30!ensureGroup:(I)V@hedc.regexp.State
37!ensureGroup:(I)V@hedc.regexp.State
46!ensureGroup:(I)V@hedc.regexp.State
56!ensureGroup:(I)V@hedc.regexp.State
63!ensureGroup:(I)V@hedc.regexp.State
70!ensureGroup:(I)V@hedc.regexp.State
79!ensureGroup:(I)V@hedc.regexp.State
6!getGroupEnd:(I)I@hedc.regexp.State
10!getGroupEnd:(I)I@hedc.regexp.State
6!getGroupLength:(I)I@hedc.regexp.State
10!getGroupLength:(I)I@hedc.regexp.State
12!getGroupLength:(I)I@hedc.regexp.State
16!getGroupLength:(I)I@hedc.regexp.State
6!getGroupStart:(I)I@hedc.regexp.State
10!getGroupStart:(I)I@hedc.regexp.State
1!getLimit:()I@hedc.regexp.State
6!startGroup:(I)V@hedc.regexp.State
11!startGroup:(I)V@hedc.regexp.State
16!startGroup:(I)V@hedc.regexp.State
13!toString:()Ljava/lang/String;@hedc.regexp.State
25!toString:()Ljava/lang/String;@hedc.regexp.State
1!validateGroup:(I)V@hedc.regexp.State
9!validateGroup:(I)V@hedc.regexp.State
17!validateGroup:(I)V@hedc.regexp.State
21!validateGroup:(I)V@hedc.regexp.State
26!validateGroup:(I)V@hedc.regexp.State
30!validateGroup:(I)V@hedc.regexp.State
