main:([Ljava/lang/String;)V@hedc.Tester
offer:(Ljava/lang/Object;J)Z@EDU.oswego.cs.dl.util.concurrent.Channel
poll:(J)Ljava/lang/Object;@EDU.oswego.cs.dl.util.concurrent.Channel
take:()Ljava/lang/Object;@EDU.oswego.cs.dl.util.concurrent.Channel
<init>:(Ljava/lang/Object;)V@EDU.oswego.cs.dl.util.concurrent.LinkedNode
<init>:()V@EDU.oswego.cs.dl.util.concurrent.LinkedQueue
extract:()Ljava/lang/Object;@EDU.oswego.cs.dl.util.concurrent.LinkedQueue
insert:(Ljava/lang/Object;)V@EDU.oswego.cs.dl.util.concurrent.LinkedQueue
offer:(Ljava/lang/Object;J)Z@EDU.oswego.cs.dl.util.concurrent.LinkedQueue
poll:(J)Ljava/lang/Object;@EDU.oswego.cs.dl.util.concurrent.LinkedQueue
take:()Ljava/lang/Object;@EDU.oswego.cs.dl.util.concurrent.LinkedQueue
<init>:()V@hedc.DateFormatter
<init>:(Ljava/lang/String;Ljava/util/Locale;)V@hedc.DateFormatter
append:(Ljava/lang/StringBuffer;II)V@hedc.DateFormatter
applyPattern:(Ljava/lang/String;)V@hedc.DateFormatter
equals:(Ljava/lang/Object;)Z@hedc.DateFormatter
equals:(Ljava/lang/Object;Ljava/lang/Object;)Z@hedc.DateFormatter
expect:(Ljava/lang/String;Ljava/text/ParsePosition;C)Z@hedc.DateFormatter
format:(Ljava/util/Date;)Ljava/lang/String;@hedc.DateFormatter
format:(Ljava/util/Date;Ljava/lang/StringBuffer;Ljava/text/FieldPosition;)Ljava/lang/StringBuffer;@hedc.DateFormatter
hashCode:()I@hedc.DateFormatter
parse:(Ljava/lang/String;)Ljava/util/Date;@hedc.DateFormatter
parse:(Ljava/lang/String;Ljava/text/ParsePosition;)Ljava/util/Date;@hedc.DateFormatter
<clinit>:()V@hedc.FormFiller
<init>:(Ljava/io/Writer;Ljava/util/Hashtable;)V@hedc.FormFiller
<init>:(Ljava/io/Writer;Ljava/util/Hashtable;Ljava/lang/String;)V@hedc.FormFiller
determineForm_:()Ljava/lang/String;@hedc.FormFiller
fillForm:()J@hedc.FormFiller
go:()V@hedc.FormFiller
internalize:(Ljava/lang/String;)[C@hedc.FormFiller
sendResult_:(Ljava/util/Hashtable;Ljava/lang/String;)J@hedc.FormFiller
<clinit>:()V@hedc.Messages
assertErr:(Z)V@hedc.Messages
debug:(ILjava/lang/String;)V@hedc.Messages
debug:(ILjava/lang/String;Ljava/lang/Object;)V@hedc.Messages
debug:(ILjava/lang/String;Ljava/lang/Object;Ljava/lang/Object;Ljava/lang/Object;)V@hedc.Messages
dlevel:()I@hedc.Messages
error:(Ljava/lang/String;)V@hedc.Messages
error:(Ljava/lang/String;Ljava/lang/Object;)V@hedc.Messages
format:(Ljava/lang/String;Ljava/lang/Object;)Ljava/lang/String;@hedc.Messages
format:(Ljava/lang/String;Ljava/lang/Object;Ljava/lang/Object;)Ljava/lang/String;@hedc.Messages
format:(Ljava/lang/String;Ljava/lang/Object;Ljava/lang/Object;Ljava/lang/Object;)Ljava/lang/String;@hedc.Messages
format:(Ljava/lang/String;[Ljava/lang/Object;)Ljava/lang/String;@hedc.Messages
output_:(Ljava/lang/String;Ljava/lang/String;)V@hedc.Messages
warn:(ILjava/lang/String;Ljava/lang/Object;)V@hedc.Messages
warn:(ILjava/lang/String;Ljava/lang/Object;Ljava/lang/Object;)V@hedc.Messages
wlevel:()I@hedc.Messages
<clinit>:()V@hedc.MetaSearchImpl
<init>:()V@hedc.MetaSearchImpl
getUniqueInstance:()Lhedc/MetaSearchImpl;@hedc.MetaSearchImpl
search:(Ljava/util/Hashtable;Lhedc/MetaSearchRequest;)Ljava/util/List;@hedc.MetaSearchImpl
search:(Ljava/util/Hashtable;Ljava/io/Writer;Lhedc/MetaSearchRequest;)J@hedc.MetaSearchImpl
writeResults_:(Ljava/util/List;Ljava/io/Writer;)J@hedc.MetaSearchImpl
<init>:(Ljava/io/Writer;Lhedc/MetaSearchImpl;Ljava/util/Hashtable;)V@hedc.MetaSearchRequest
countDownInterrupt:()V@hedc.MetaSearchRequest
go:()V@hedc.MetaSearchRequest
printResults:()Ljava/lang/String;@hedc.MetaSearchRequest
registerInterrupt:(Ljava/lang/Thread;I)V@hedc.MetaSearchRequest
<init>:()V@hedc.MetaSearchResult
access$000:(Lhedc/MetaSearchResult;)Z@hedc.MetaSearchResult
cancel:()V@hedc.MetaSearchResult
cloneTask:(Lhedc/MetaSearchResult;)Lhedc/MetaSearchResult;@hedc.MetaSearchResult
getInfo:()Ljava/util/Iterator;@hedc.MetaSearchResult
run:()V@hedc.MetaSearchResult
toString:()Ljava/lang/String;@hedc.MetaSearchResult
<init>:(Lhedc/MetaSearchResult;)V@hedc.MetaSearchResult$MetaSearchResultIterator
hasNext:()Z@hedc.MetaSearchResult$MetaSearchResultIterator
remove:()V@hedc.MetaSearchResult$MetaSearchResultIterator
<clinit>:()V@hedc.PooledExecutorWithInvalidate
<init>:(LEDU/oswego/cs/dl/util/concurrent/Channel;I)V@hedc.PooledExecutorWithInvalidate
addThread:(Lhedc/Task;)V@hedc.PooledExecutorWithInvalidate
execute:(Lhedc/Task;)V@hedc.PooledExecutorWithInvalidate
getBlockedExecutionHandler:()Lhedc/PooledExecutorWithInvalidate$BlockedExecutionHandler;@hedc.PooledExecutorWithInvalidate
getKeepAliveTime:()J@hedc.PooledExecutorWithInvalidate
getMaximumPoolSize:()I@hedc.PooledExecutorWithInvalidate
getMinimumPoolSize:()I@hedc.PooledExecutorWithInvalidate
getPoolSize:()I@hedc.PooledExecutorWithInvalidate
getTask:()Lhedc/Task;@hedc.PooledExecutorWithInvalidate
runWhenBlocked:()V@hedc.PooledExecutorWithInvalidate
setKeepAliveTime:(J)V@hedc.PooledExecutorWithInvalidate
workerDone:(Lhedc/PooledExecutorWithInvalidate$Worker;)V@hedc.PooledExecutorWithInvalidate
<init>:(Lhedc/PooledExecutorWithInvalidate;)V@hedc.PooledExecutorWithInvalidate$BlockedExecutionHandler
blockedAction:(Ljava/lang/Runnable;)Z@hedc.PooledExecutorWithInvalidate$BlockedExecutionHandler
<init>:(Lhedc/PooledExecutorWithInvalidate;)V@hedc.PooledExecutorWithInvalidate$RunWhenBlocked
blockedAction:(Ljava/lang/Runnable;)Z@hedc.PooledExecutorWithInvalidate$RunWhenBlocked
<init>:(Lhedc/PooledExecutorWithInvalidate;Lhedc/Task;)V@hedc.PooledExecutorWithInvalidate$Worker
run:()V@hedc.PooledExecutorWithInvalidate$Worker
<clinit>:()V@hedc.Rag
<init>:()V@hedc.Rag
access$000:()Lhedc/DateFormatter;@hedc.Rag
createResults_:()V@hedc.Rag
getInfo:()Ljava/util/Iterator;@hedc.Rag
runImpl:()V@hedc.Rag
<init>:(Lhedc/Rag;)V@hedc.Rag$RagIterator
next:()Ljava/lang/Object;@hedc.Rag$RagIterator
<clinit>:()V@hedc.RandomDate
<init>:(Ljava/lang/String;Ljava/lang/String;)V@hedc.RandomDate
format:(Ljava/util/Date;)Ljava/lang/String;@hedc.RandomDate
nextDate:()Ljava/util/Date;@hedc.RandomDate
nextString:()Ljava/lang/String;@hedc.RandomDate
parse:(Ljava/lang/String;)Ljava/util/Date;@hedc.RandomDate
<clinit>:()V@hedc.SohoSynoptic
<init>:()V@hedc.SohoSynoptic
access$000:(Ljava/util/Hashtable;Ljava/lang/String;)V@hedc.SohoSynoptic
createResults_:()V@hedc.SohoSynoptic
determineAttributes_:(Ljava/util/Hashtable;Ljava/lang/String;)V@hedc.SohoSynoptic
getInfo:()Ljava/util/Iterator;@hedc.SohoSynoptic
runImpl:()V@hedc.SohoSynoptic
<init>:(Lhedc/SohoSynoptic;)V@hedc.SohoSynoptic$SohoIterator
next:()Ljava/lang/Object;@hedc.SohoSynoptic$SohoIterator
<init>:()V@hedc.Task
cancel:()V@hedc.Task
run:()V@hedc.Task
runImpl:()V@hedc.Task
setThread:(Ljava/lang/Thread;)V@hedc.Task
<clinit>:()V@hedc.TaskFactory
<init>:()V@hedc.TaskFactory
makeTasks:(Ljava/util/Hashtable;Ljava/util/Date;Lhedc/MetaSearchRequest;)Ljava/util/List;@hedc.TaskFactory
<clinit>:()V@hedc.Tester
<init>:(Ljava/lang/String;II)V@hedc.Tester
run:()V@hedc.Tester
<init>:(Ljava/util/Properties;)V@hedc.ethz.util.BaseProperties
getInteger:(Ljava/lang/String;I)I@hedc.ethz.util.BaseProperties
getString:(Ljava/lang/String;Ljava/lang/String;)Ljava/lang/String;@hedc.ethz.util.BaseProperties
load:(Ljava/lang/String;)V@hedc.ethz.util.BaseProperties
<clinit>:()V@hedc.ethz.util.EtcUtil
makeURLish:(Ljava/lang/String;)Ljava/lang/String;@hedc.ethz.util.EtcUtil
<clinit>:()V@hedc.ethz.util.Generator
generate:(Ljava/io/Writer;Ljava/util/Hashtable;[C)J@hedc.ethz.util.Generator
generateStream:(Ljava/io/Reader;Ljava/io/OutputStream;Ljava/util/Hashtable;)J@hedc.ethz.util.Generator
generateStream:(Ljava/io/Reader;Ljava/io/Writer;Ljava/util/Hashtable;)J@hedc.ethz.util.Generator
generateString:(Ljava/io/Reader;Ljava/util/Hashtable;)Ljava/lang/String;@hedc.ethz.util.Generator
generateThroughBuffer:(Ljava/lang/String;Ljava/io/Writer;Ljava/util/Hashtable;)J@hedc.ethz.util.Generator
getBuffer_:()[C@hedc.ethz.util.Generator
getBuffer_:(Ljava/lang/String;)[C@hedc.ethz.util.Generator
openTemplateFile_:(Ljava/lang/String;)[C@hedc.ethz.util.Generator
putBuffer_:(Ljava/lang/String;[C)V@hedc.ethz.util.Generator
putBuffer_:([C)V@hedc.ethz.util.Generator
<clinit>:()V@hedc.ethz.util.Messages
debug:(ILjava/lang/String;Ljava/lang/Object;)V@hedc.ethz.util.Messages
dlevel:()I@hedc.ethz.util.Messages
error:(Ljava/lang/String;Ljava/lang/Object;)V@hedc.ethz.util.Messages
format:(Ljava/lang/String;Ljava/lang/Object;)Ljava/lang/String;@hedc.ethz.util.Messages
output_:(Ljava/lang/String;Ljava/lang/String;)V@hedc.ethz.util.Messages
warn:(ILjava/lang/String;Ljava/lang/Object;)V@hedc.ethz.util.Messages
wlevel:()I@hedc.ethz.util.Messages
<init>:(Ljava/util/Properties;)V@hedc.ethz.util.ObservableProperties
<clinit>:()V@hedc.ethz.util.SystemProperties
<init>:()V@hedc.ethz.util.SystemProperties
getUniqueInstance:()Lhedc/ethz/util/SystemProperties;@hedc.ethz.util.SystemProperties
setSource:(Ljava/lang/String;)V@hedc.ethz.util.SystemProperties
<init>:(Lhedc/regexp/Regexp;)V@hedc.regexp.Alternatives
addAlt:(Lhedc/regexp/Regexp;)V@hedc.regexp.Alternatives
advance:(Lhedc/regexp/State;)Lhedc/regexp/Regexp;@hedc.regexp.Alternatives
canStar:()Z@hedc.regexp.Alternatives
firstCharacter:()I@hedc.regexp.Alternatives
toStringThis:()Ljava/lang/String;@hedc.regexp.Alternatives
<init>:([CII)V@hedc.regexp.CharArrayState
getGroupString:(I)Ljava/lang/String;@hedc.regexp.CharArrayState
getchar:()I@hedc.regexp.CharArrayState
getchar:(I)I@hedc.regexp.CharArrayState
indexOf:(II)I@hedc.regexp.CharArrayState
<clinit>:()V@hedc.regexp.CharClass
<init>:(Lhedc/regexp/CharClass;)V@hedc.regexp.CharClass
<init>:(Lhedc/regexp/Regexp;Ljava/lang/String;)V@hedc.regexp.CharClass
addChar:(I)V@hedc.regexp.CharClass
addChars:(II)V@hedc.regexp.CharClass
advance:(Lhedc/regexp/State;)Lhedc/regexp/Regexp;@hedc.regexp.CharClass
charInClass:(I)Z@hedc.regexp.CharClass
cloneCharClass:(Lhedc/regexp/Regexp;I)Lhedc/regexp/CharClass;@hedc.regexp.CharClass
merge:(Lhedc/regexp/CharClass;Z)V@hedc.regexp.CharClass
ppChar:(I)Ljava/lang/String;@hedc.regexp.CharClass
process:(Ljava/lang/String;)V@hedc.regexp.CharClass
toStringThis:()Ljava/lang/String;@hedc.regexp.CharClass
<init>:(Ljava/lang/String;Z)V@hedc.regexp.CompilerState
atEop:()Z@hedc.regexp.CompilerState
currentChar:()I@hedc.regexp.CompilerState
nextChar:()I@hedc.regexp.CompilerState
nextGroup:()I@hedc.regexp.CompilerState
substring:(I)Ljava/lang/String;@hedc.regexp.CompilerState
toString:()Ljava/lang/String;@hedc.regexp.CompilerState
<clinit>:()V@hedc.regexp.ContextMatch
<init>:(Lhedc/regexp/Regexp;I)V@hedc.regexp.ContextMatch
advance:(Lhedc/regexp/State;)Lhedc/regexp/Regexp;@hedc.regexp.ContextMatch
backup:(Lhedc/regexp/State;)V@hedc.regexp.ContextMatch
canStar:()Z@hedc.regexp.ContextMatch
firstCharacter:()I@hedc.regexp.ContextMatch
toStringThis:()Ljava/lang/String;@hedc.regexp.ContextMatch
<init>:(Lhedc/regexp/Regexp;)V@hedc.regexp.Dot
advance:(Lhedc/regexp/State;)Lhedc/regexp/Regexp;@hedc.regexp.Dot
toStringThis:()Ljava/lang/String;@hedc.regexp.Dot
<init>:(Lhedc/regexp/Regexp;II)V@hedc.regexp.Group
advance:(Lhedc/regexp/State;)Lhedc/regexp/Regexp;@hedc.regexp.Group
backup:(Lhedc/regexp/State;)V@hedc.regexp.Group
canStar:()Z@hedc.regexp.Group
firstCharacter:()I@hedc.regexp.Group
toStringThis:()Ljava/lang/String;@hedc.regexp.Group
<init>:(Lhedc/regexp/Regexp;I)V@hedc.regexp.GroupReference
advance:(Lhedc/regexp/State;)Lhedc/regexp/Regexp;@hedc.regexp.GroupReference
backup:(Lhedc/regexp/State;)V@hedc.regexp.GroupReference
toStringThis:()Ljava/lang/String;@hedc.regexp.GroupReference
<clinit>:()V@hedc.regexp.Literal
<init>:(Lhedc/regexp/Regexp;IZ)V@hedc.regexp.Literal
advance:(Lhedc/regexp/State;)Lhedc/regexp/Regexp;@hedc.regexp.Literal
appendChar:(I)V@hedc.regexp.Literal
firstCharacter:()I@hedc.regexp.Literal
makeMulti:(I)Lhedc/regexp/Regexp;@hedc.regexp.Literal
toStringThis:()Ljava/lang/String;@hedc.regexp.Literal
<init>:(Ljava/lang/String;)V@hedc.regexp.MalformedRegexpException
<init>:(Lhedc/regexp/Regexp;Lhedc/regexp/Regexp;I)V@hedc.regexp.Multi
advance:(Lhedc/regexp/State;)Lhedc/regexp/Regexp;@hedc.regexp.Multi
canStar:()Z@hedc.regexp.Multi
toStringThis:()Ljava/lang/String;@hedc.regexp.Multi
<init>:(Ljava/lang/String;)V@hedc.regexp.NoSuchMatchException
<clinit>:()V@hedc.regexp.Regexp
<init>:(Lhedc/regexp/Regexp;)V@hedc.regexp.Regexp
advance:(Lhedc/regexp/State;)Lhedc/regexp/Regexp;@hedc.regexp.Regexp
backup:(Lhedc/regexp/State;)V@hedc.regexp.Regexp
canStar:()Z@hedc.regexp.Regexp
compile:(Ljava/lang/String;)Lhedc/regexp/Regexp;@hedc.regexp.Regexp
compile:(Ljava/lang/String;Z)Lhedc/regexp/Regexp;@hedc.regexp.Regexp
firstCharacter:()I@hedc.regexp.Regexp
makeMulti:(I)Lhedc/regexp/Regexp;@hedc.regexp.Regexp
match:(Lhedc/regexp/State;)Z@hedc.regexp.Regexp
searchForward:(Lhedc/regexp/State;)Lhedc/regexp/Result;@hedc.regexp.Regexp
searchForward:([CII)Lhedc/regexp/Result;@hedc.regexp.Regexp
toString:()Ljava/lang/String;@hedc.regexp.Regexp
toStringThis:()Ljava/lang/String;@hedc.regexp.Regexp
compile:(Ljava/lang/String;Z)Lhedc/regexp/Regexp;@hedc.regexp.RegexpCompiler
compileAlternative:(Lhedc/regexp/CompilerState;Lhedc/regexp/Regexp;)Lhedc/regexp/Regexp;@hedc.regexp.RegexpCompiler
compileAlternatives:(Lhedc/regexp/Regexp;Lhedc/regexp/CompilerState;I)Lhedc/regexp/Regexp;@hedc.regexp.RegexpCompiler
<init>:(Lhedc/regexp/State;)V@hedc.regexp.Result
getMatch:(I)Ljava/lang/String;@hedc.regexp.Result
getMatchEnd:()I@hedc.regexp.Result
getMatchEnd:(I)I@hedc.regexp.Result
getMatchStart:(I)I@hedc.regexp.Result
toString:()Ljava/lang/String;@hedc.regexp.Result
<init>:(II)V@hedc.regexp.State
charsLeft:()I@hedc.regexp.State
clearGroup:(I)V@hedc.regexp.State
endGroup:(I)V@hedc.regexp.State
ensureGroup:(I)V@hedc.regexp.State
getGroupEnd:(I)I@hedc.regexp.State
getGroupLength:(I)I@hedc.regexp.State
getGroupStart:(I)I@hedc.regexp.State
getGroupString:(I)Ljava/lang/String;@hedc.regexp.State
getLimit:()I@hedc.regexp.State
getchar:()I@hedc.regexp.State
getchar:(I)I@hedc.regexp.State
indexOf:(II)I@hedc.regexp.State
startGroup:(I)V@hedc.regexp.State
toString:()Ljava/lang/String;@hedc.regexp.State
validateGroup:(I)V@hedc.regexp.State
<init>:(Lhedc/regexp/Regexp;)V@hedc.regexp.SuccessRegexp
match:(Lhedc/regexp/State;)Z@hedc.regexp.SuccessRegexp
